job_id=29878809
host=ravg1114
repository=/raven/u/limo/JAX-Wind
output=outputs/fv_neutral_abl_512x512x128_fast_rk3_29878809
NVIDIA A100-SXM4-40GB, 40960 MiB, 580.178.04
assembling gmg pressure operator (128x512x512 cells)... done in 0.59 s
mesh 512x512x128  dz 10.00 m  z1 3.679 m  z0 0.005 m  dz/z0 2000
u* 0.4 m/s  forcing 1.250e-04 m/s^2  dt 1.300 s  eddy turnover 3200 s  sampling cell-average  averaging local
sponge on: z > 1024 m (0.80 H)  tau 100 s  power 2.0
step     100  t    130.0 s ( 0.04 T)  u* 0.4542 (1.136 of target)  U1  7.495  Utop 11.469  CFL 0.786  div 4.84e-08  500.91 ms/step
step     200  t    259.9 s ( 0.08 T)  u* 0.3495 (0.874 of target)  U1  5.761  Utop 11.485  CFL 0.836  div 4.81e-08  108.14 ms/step
step     300  t    389.9 s ( 0.12 T)  u* 0.3590 (0.898 of target)  U1  5.801  Utop 11.502  CFL 1.187  div 6.71e-08  108.11 ms/step
step     400  t    519.8 s ( 0.16 T)  u* 0.4530 (1.132 of target)  U1  7.383  Utop 11.518  CFL 1.268  div 5.96e-08  112.02 ms/step
step     500  t    649.8 s ( 0.20 T)  u* 0.4449 (1.112 of target)  U1  7.268  Utop 11.534  CFL 1.265  div 6.33e-08  117.61 ms/step
step     600  t    779.7 s ( 0.24 T)  u* 0.4356 (1.089 of target)  U1  7.113  Utop 11.550  CFL 1.227  div 5.96e-08  117.63 ms/step
step     700  t    909.7 s ( 0.28 T)  u* 0.4283 (1.071 of target)  U1  6.993  Utop 11.567  CFL 1.225  div 5.96e-08  117.60 ms/step
step     800  t   1039.6 s ( 0.32 T)  u* 0.4217 (1.054 of target)  U1  6.886  Utop 11.583  CFL 1.223  div 5.59e-08  117.63 ms/step
step     900  t   1169.6 s ( 0.37 T)  u* 0.4171 (1.043 of target)  U1  6.807  Utop 11.599  CFL 1.244  div 5.96e-08  117.60 ms/step
step    1000  t   1299.5 s ( 0.41 T)  u* 0.4136 (1.034 of target)  U1  6.749  Utop 11.615  CFL 1.232  div 5.59e-08  117.63 ms/step
step    1100  t   1429.5 s ( 0.45 T)  u* 0.4105 (1.026 of target)  U1  6.697  Utop 11.632  CFL 1.232  div 5.96e-08  117.60 ms/step
step    1200  t   1559.5 s ( 0.49 T)  u* 0.4084 (1.021 of target)  U1  6.663  Utop 11.648  CFL 1.225  div 5.96e-08  117.63 ms/step
step    1300  t   1689.4 s ( 0.53 T)  u* 0.4068 (1.017 of target)  U1  6.636  Utop 11.664  CFL 1.295  div 5.96e-08  117.60 ms/step
step    1400  t   1819.4 s ( 0.57 T)  u* 0.4052 (1.013 of target)  U1  6.608  Utop 11.680  CFL 1.256  div 5.59e-08  117.62 ms/step
step    1500  t   1949.3 s ( 0.61 T)  u* 0.4037 (1.009 of target)  U1  6.585  Utop 11.697  CFL 1.248  div 5.96e-08  117.60 ms/step
step    1600  t   2079.3 s ( 0.65 T)  u* 0.4021 (1.005 of target)  U1  6.558  Utop 11.713  CFL 1.241  div 5.68e-08  117.62 ms/step
step    1700  t   2209.2 s ( 0.69 T)  u* 0.4011 (1.003 of target)  U1  6.540  Utop 11.729  CFL 1.276  div 5.77e-08  117.60 ms/step
step    1800  t   2339.2 s ( 0.73 T)  u* 0.3999 (1.000 of target)  U1  6.521  Utop 11.745  CFL 1.282  div 5.96e-08  117.62 ms/step
step    1900  t   2469.2 s ( 0.77 T)  u* 0.3988 (0.997 of target)  U1  6.504  Utop 11.762  CFL 1.293  div 5.96e-08  117.59 ms/step
step    2000  t   2599.1 s ( 0.81 T)  u* 0.3976 (0.994 of target)  U1  6.482  Utop 11.778  CFL 1.260  div 6.15e-08  117.62 ms/step

instantaneous profile at step 2000
    z [m]     z/H   U [m/s]   log law     Phi
     5.00   0.004    6.4820    6.6009     nan
    15.00   0.012    7.8490    7.9872   1.375
    25.00   0.020    8.4251    8.5104   1.159
    35.00   0.027    8.8576    8.8502   1.306
    45.00   0.035    9.1630    9.1029   1.229
    55.00   0.043    9.4029    9.3043   1.207
    65.00   0.051    9.5953    9.4717   1.162
    75.00   0.059    9.7605    9.6151   1.163
    85.00   0.066    9.9078    9.7404   1.185
    95.00   0.074   10.0422    9.8517   1.217
   105.00   0.082   10.1643    9.9519   1.229
   115.00   0.090   10.2753   10.0429   1.229
   125.00   0.098   10.3796   10.1264   1.258
   135.00   0.105   10.4792   10.2034   1.303
   145.00   0.113   10.5754   10.2749   1.355
   155.00   0.121   10.6696   10.3416   1.421
   165.00   0.129   10.7588   10.4041   1.436
   175.00   0.137   10.8416   10.4630   1.416
   185.00   0.145   10.9202   10.5186   1.424
   195.00   0.152   10.9960   10.5712   1.450
   205.00   0.160   11.0681   10.6212   1.450
   215.00   0.168   11.1371   10.6689   1.459
   225.00   0.176   11.2025   10.7143   1.446
   235.00   0.184   11.2636   10.7578   1.416
   245.00   0.191   11.3218   10.7995   1.404
   255.00   0.199   11.3753   10.8395   1.346
   265.00   0.207   11.4254   10.8780   1.311
   275.00   0.215   11.4721   10.9150   1.268
   285.00   0.223   11.5144   10.9508   1.192
   295.00   0.230   11.5520   10.9852   1.099
   305.00   0.238   11.5865   11.0186   1.039
   315.00   0.246   11.6165   11.0509   0.937
   325.00   0.254   11.6428   11.0821   0.845
   335.00   0.262   11.6660   11.1124   0.772
   345.00   0.270   11.6857   11.1418   0.672
   355.00   0.277   11.7021   11.1704   0.579
   365.00   0.285   11.7163   11.1982   0.513
   375.00   0.293   11.7284   11.2252   0.452
   385.00   0.301   11.7387   11.2516   0.394
   395.00   0.309   11.7470   11.2771   0.327
   405.00   0.316   11.7537   11.3022   0.268
   415.00   0.324   11.7591   11.3266   0.223
   425.00   0.332   11.7635   11.3503   0.183
   435.00   0.340   11.7669   11.3736   0.147
   445.00   0.348   11.7698   11.3964   0.129
   455.00   0.355   11.7721   11.4186   0.103
   465.00   0.363   11.7738   11.4403   0.082
   475.00   0.371   11.7751   11.4616   0.060
   485.00   0.379   11.7760   11.4825   0.041
   495.00   0.387   11.7768   11.5028   0.043
   505.00   0.395   11.7773   11.5229   0.023
   515.00   0.402   11.7776   11.5424   0.015
   525.00   0.410   11.7776   11.5618   0.001
   535.00   0.418   11.7776   11.5805   0.001
   545.00   0.426   11.7777   11.5991   0.007
   555.00   0.434   11.7779   11.6173   0.009
   565.00   0.441   11.7778   11.6351  -0.003
   575.00   0.449   11.7779   11.6527   0.001
   585.00   0.457   11.7777   11.6699  -0.008
   595.00   0.465   11.7778   11.6868   0.006
   605.00   0.473   11.7778   11.7036   0.002
   615.00   0.480   11.7778   11.7199  -0.004
   625.00   0.488   11.7778   11.7361   0.001
   635.00   0.496   11.7777   11.7519  -0.008
   645.00   0.504   11.7777   11.7675   0.004
   655.00   0.512   11.7778   11.7830   0.005
   665.00   0.520   11.7778   11.7981  -0.003
   675.00   0.527   11.7778   11.8129   0.006
   685.00   0.535   11.7777   11.8277  -0.010
   695.00   0.543   11.7778   11.8422   0.007
   705.00   0.551   11.7780   11.8565   0.014
   715.00   0.559   11.7780   11.8706  -0.004
   725.00   0.566   11.7778   11.8845  -0.014
   735.00   0.574   11.7778   11.8981   0.005
   745.00   0.582   11.7779   11.9117   0.004
   755.00   0.590   11.7778   11.9250  -0.006
   765.00   0.598   11.7778   11.9382   0.004
   775.00   0.605   11.7778   11.9512  -0.001
   785.00   0.613   11.7778   11.9641  -0.005
   795.00   0.621   11.7779   11.9767   0.012
   805.00   0.629   11.7779   11.9892  -0.002
   815.00   0.637   11.7778   12.0015  -0.009
   825.00   0.645   11.7778   12.0137   0.002
   835.00   0.652   11.7779   12.0258   0.008
   845.00   0.660   11.7777   12.0376  -0.018
   855.00   0.668   11.7778   12.0495   0.008
   865.00   0.676   11.7777   12.0609  -0.005
   875.00   0.684   11.7777   12.0726   0.002
   885.00   0.691   11.7778   12.0839   0.007
   895.00   0.699   11.7778   12.0951  -0.002
   905.00   0.707   11.7779   12.1062   0.005
   915.00   0.715   11.7779   12.1173  -0.001
   925.00   0.723   11.7779   12.1281  -0.000
   935.00   0.730   11.7779   12.1389   0.004
   945.00   0.738   11.7778   12.1494  -0.011
   955.00   0.746   11.7778   12.1601   0.004
   965.00   0.754   11.7778   12.1704  -0.006
   975.00   0.762   11.7778   12.1808   0.004
   985.00   0.770   11.7778   12.1909   0.002
   995.00   0.777   11.7780   12.2012   0.015
  1005.00   0.785   11.7779   12.2110  -0.006
  1015.00   0.793   11.7778   12.2209  -0.012
  1025.00   0.801   11.7778   12.2309  -0.002
  1035.00   0.809   11.7778   12.2404   0.005
  1045.00   0.816   11.7778   12.2500  -0.002
  1055.00   0.824   11.7778   12.2597  -0.000
  1065.00   0.832   11.7778   12.2690   0.005
  1075.00   0.840   11.7779   12.2783   0.004
  1085.00   0.848   11.7778   12.2877  -0.004
  1095.00   0.855   11.7780   12.2969   0.016
  1105.00   0.863   11.7778   12.3059  -0.021
  1115.00   0.871   11.7778   12.3149   0.002
  1125.00   0.879   11.7778   12.3238   0.005
  1135.00   0.887   11.7778   12.3327  -0.005
  1145.00   0.895   11.7779   12.3415   0.007
  1155.00   0.902   11.7779   12.3502  -0.000
  1165.00   0.910   11.7779   12.3587   0.001
  1175.00   0.918   11.7779   12.3674   0.003
  1185.00   0.926   11.7777   12.3758  -0.022
  1195.00   0.934   11.7778   12.3843   0.006
  1205.00   0.941   11.7776   12.3926  -0.013
  1215.00   0.949   11.7780   12.4008   0.037
  1225.00   0.957   11.7779   12.4090  -0.012
  1235.00   0.965   11.7778   12.4171  -0.005
  1245.00   0.973   11.7777   12.4253  -0.019
  1255.00   0.980   11.7778   12.4332   0.021
  1265.00   0.988   11.7777   12.4411  -0.013
  1275.00   0.996   11.7779   12.4490   0.019
Phi over 0.016 < z/H < 0.195: mean 1.320  min 1.159  max 1.459
step    2100  t   2729.1 s ( 0.85 T)  u* 0.3968 (0.992 of target)  U1  6.470  Utop 11.794  CFL 1.255  div 5.96e-08  117.60 ms/step
step    2200  t   2859.0 s ( 0.89 T)  u* 0.3961 (0.990 of target)  U1  6.458  Utop 11.810  CFL 1.267  div 6.71e-08  117.61 ms/step
step    2300  t   2989.0 s ( 0.93 T)  u* 0.3961 (0.990 of target)  U1  6.457  Utop 11.827  CFL 1.272  div 5.59e-08  117.60 ms/step
step    2400  t   3118.9 s ( 0.97 T)  u* 0.3955 (0.989 of target)  U1  6.447  Utop 11.843  CFL 1.259  div 5.59e-08  117.62 ms/step
step    2500  t   3248.9 s ( 1.02 T)  u* 0.3947 (0.987 of target)  U1  6.435  Utop 11.859  CFL 1.288  div 5.96e-08  117.60 ms/step
step    2600  t   3378.8 s ( 1.06 T)  u* 0.3939 (0.985 of target)  U1  6.421  Utop 11.875  CFL 1.294  div 6.71e-08  117.62 ms/step
step    2700  t   3508.8 s ( 1.10 T)  u* 0.3932 (0.983 of target)  U1  6.409  Utop 11.892  CFL 1.279  div 5.96e-08  117.59 ms/step
step    2800  t   3638.8 s ( 1.14 T)  u* 0.3926 (0.982 of target)  U1  6.399  Utop 11.908  CFL 1.262  div 6.71e-08  117.62 ms/step
step    2900  t   3768.7 s ( 1.18 T)  u* 0.3923 (0.981 of target)  U1  6.393  Utop 11.924  CFL 1.307  div 5.96e-08  117.60 ms/step
step    3000  t   3898.7 s ( 1.22 T)  u* 0.3914 (0.978 of target)  U1  6.378  Utop 11.940  CFL 1.284  div 5.96e-08  117.62 ms/step
step    3100  t   4028.6 s ( 1.26 T)  u* 0.3907 (0.977 of target)  U1  6.367  Utop 11.957  CFL 1.315  div 5.96e-08  117.60 ms/step
step    3200  t   4158.6 s ( 1.30 T)  u* 0.3907 (0.977 of target)  U1  6.366  Utop 11.973  CFL 1.286  div 5.96e-08  117.62 ms/step
step    3300  t   4288.5 s ( 1.34 T)  u* 0.3906 (0.977 of target)  U1  6.364  Utop 11.989  CFL 1.290  div 6.71e-08  117.60 ms/step
step    3400  t   4418.4 s ( 1.38 T)  u* 0.3901 (0.975 of target)  U1  6.357  Utop 12.005  CFL 1.309  div 5.96e-08  117.62 ms/step
step    3500  t   4548.4 s ( 1.42 T)  u* 0.3899 (0.975 of target)  U1  6.352  Utop 12.022  CFL 1.288  div 5.82e-08  117.60 ms/step
step    3600  t   4678.3 s ( 1.46 T)  u* 0.3889 (0.972 of target)  U1  6.337  Utop 12.038  CFL 1.340  div 5.96e-08  117.62 ms/step
step    3700  t   4808.2 s ( 1.50 T)  u* 0.3884 (0.971 of target)  U1  6.329  Utop 12.054  CFL 1.305  div 6.71e-08  117.60 ms/step
step    3800  t   4938.2 s ( 1.54 T)  u* 0.3871 (0.968 of target)  U1  6.309  Utop 12.070  CFL 1.309  div 5.59e-08  117.62 ms/step
step    3900  t   5068.1 s ( 1.58 T)  u* 0.3867 (0.967 of target)  U1  6.301  Utop 12.087  CFL 1.281  div 5.96e-08  117.60 ms/step
step    4000  t   5198.0 s ( 1.62 T)  u* 0.3864 (0.966 of target)  U1  6.297  Utop 12.103  CFL 1.283  div 5.74e-08  117.62 ms/step

instantaneous profile at step 4000
    z [m]     z/H   U [m/s]   log law     Phi
     5.00   0.004    6.2968    6.6009     nan
    15.00   0.012    7.6065    7.9872   1.356
    25.00   0.020    8.1428    8.5104   1.110
    35.00   0.027    8.5438    8.8502   1.245
    45.00   0.035    8.8144    9.1029   1.120
    55.00   0.043    9.0297    9.3043   1.114
    65.00   0.051    9.1970    9.4717   1.039
    75.00   0.059    9.3424    9.6151   1.054
    85.00   0.066    9.4695    9.7404   1.052
    95.00   0.074    9.5844    9.8517   1.071
   105.00   0.082    9.6856    9.9519   1.047
   115.00   0.090    9.7806   10.0429   1.081
   125.00   0.098    9.8694   10.1264   1.103
   135.00   0.105    9.9544   10.2034   1.143
   145.00   0.113   10.0356   10.2749   1.177
   155.00   0.121   10.1122   10.3416   1.189
   165.00   0.129   10.1868   10.4041   1.237
   175.00   0.137   10.2581   10.4630   1.254
   185.00   0.145   10.3258   10.5186   1.262
   195.00   0.152   10.3916   10.5712   1.294
   205.00   0.160   10.4555   10.6212   1.322
   215.00   0.168   10.5176   10.6689   1.350
   225.00   0.176   10.5802   10.7143   1.425
   235.00   0.184   10.6419   10.7578   1.469
   245.00   0.191   10.7018   10.7995   1.487
   255.00   0.199   10.7613   10.8395   1.540
   265.00   0.207   10.8211   10.8780   1.611
   275.00   0.215   10.8773   10.9150   1.569
   285.00   0.223   10.9305   10.9508   1.542
   295.00   0.230   10.9813   10.9852   1.524
   305.00   0.238   11.0319   11.0186   1.572
   315.00   0.246   11.0829   11.0509   1.636
   325.00   0.254   11.1338   11.0821   1.686
   335.00   0.262   11.1836   11.1124   1.700
   345.00   0.270   11.2293   11.1418   1.608
   355.00   0.277   11.2732   11.1704   1.590
   365.00   0.285   11.3156   11.1982   1.579
   375.00   0.293   11.3556   11.2252   1.536
   385.00   0.301   11.3944   11.2516   1.524
   395.00   0.309   11.4336   11.2771   1.583
   405.00   0.316   11.4713   11.3022   1.561
   415.00   0.324   11.5079   11.3266   1.550
   425.00   0.332   11.5439   11.3503   1.567
   435.00   0.340   11.5789   11.3736   1.557
   445.00   0.348   11.6135   11.3964   1.576
   455.00   0.355   11.6469   11.4186   1.555
   465.00   0.363   11.6793   11.4403   1.543
   475.00   0.371   11.7102   11.4616   1.501
   485.00   0.379   11.7399   11.4825   1.477
   495.00   0.387   11.7686   11.5028   1.458
   505.00   0.395   11.7970   11.5229   1.467
   515.00   0.402   11.8245   11.5424   1.453
   525.00   0.410   11.8497   11.5618   1.356
   535.00   0.418   11.8737   11.5805   1.315
   545.00   0.426   11.8971   11.5991   1.311
   555.00   0.434   11.9185   11.6173   1.218
   565.00   0.441   11.9380   11.6351   1.131
   575.00   0.449   11.9564   11.6527   1.082
   585.00   0.457   11.9729   11.6699   0.989
   595.00   0.465   11.9873   11.6868   0.884
   605.00   0.473   12.0003   11.7036   0.808
   615.00   0.480   12.0124   11.7199   0.765
   625.00   0.488   12.0234   11.7361   0.700
   635.00   0.496   12.0329   11.7519   0.625
   645.00   0.504   12.0417   11.7675   0.577
   655.00   0.512   12.0496   11.7830   0.536
   665.00   0.520   12.0570   11.7981   0.504
   675.00   0.527   12.0636   11.8129   0.457
   685.00   0.535   12.0692   11.8277   0.396
   695.00   0.543   12.0740   11.8422   0.342
   705.00   0.551   12.0780   11.8565   0.289
   715.00   0.559   12.0813   11.8706   0.240
   725.00   0.566   12.0841   11.8845   0.210
   735.00   0.574   12.0867   11.8981   0.196
   745.00   0.582   12.0889   11.9117   0.173
   755.00   0.590   12.0910   11.9250   0.161
   765.00   0.598   12.0929   11.9382   0.147
   775.00   0.605   12.0945   11.9512   0.131
   785.00   0.613   12.0959   11.9641   0.114
   795.00   0.621   12.0971   11.9767   0.095
   805.00   0.629   12.0979   11.9892   0.069
   815.00   0.637   12.0986   12.0015   0.059
   825.00   0.645   12.0992   12.0137   0.051
   835.00   0.652   12.0997   12.0258   0.041
   845.00   0.660   12.1002   12.0376   0.042
   855.00   0.668   12.1007   12.0495   0.045
   865.00   0.676   12.1010   12.0609   0.029
   875.00   0.684   12.1014   12.0726   0.032
   885.00   0.691   12.1016   12.0839   0.020
   895.00   0.699   12.1019   12.0951   0.026
   905.00   0.707   12.1021   12.1062   0.021
   915.00   0.715   12.1022   12.1173   0.015
   925.00   0.723   12.1023   12.1281   0.010
   935.00   0.730   12.1025   12.1389   0.015
   945.00   0.738   12.1025   12.1494   0.001
   955.00   0.746   12.1026   12.1601   0.011
   965.00   0.754   12.1025   12.1704  -0.010
   975.00   0.762   12.1025   12.1808  -0.002
   985.00   0.770   12.1027   12.1909   0.015
   995.00   0.777   12.1028   12.2012   0.014
  1005.00   0.785   12.1027   12.2110  -0.008
  1015.00   0.793   12.1026   12.2209  -0.010
  1025.00   0.801   12.1026   12.2309  -0.004
  1035.00   0.809   12.1025   12.2404  -0.012
  1045.00   0.816   12.1023   12.2500  -0.015
  1055.00   0.824   12.1023   12.2597  -0.003
  1065.00   0.832   12.1023   12.2690  -0.003
  1075.00   0.840   12.1023   12.2783   0.001
  1085.00   0.848   12.1023   12.2877  -0.001
  1095.00   0.855   12.1024   12.2969   0.019
  1105.00   0.863   12.1023   12.3059  -0.015
  1115.00   0.871   12.1024   12.3149   0.007
  1125.00   0.879   12.1025   12.3238   0.011
  1135.00   0.887   12.1025   12.3327   0.001
  1145.00   0.895   12.1026   12.3415   0.012
  1155.00   0.902   12.1026   12.3502   0.004
  1165.00   0.910   12.1026   12.3587   0.005
  1175.00   0.918   12.1027   12.3674   0.006
  1185.00   0.926   12.1025   12.3758  -0.020
  1195.00   0.934   12.1026   12.3843   0.008
  1205.00   0.941   12.1025   12.3926  -0.012
  1215.00   0.949   12.1028   12.4008   0.039
  1225.00   0.957   12.1027   12.4090  -0.011
  1235.00   0.965   12.1027   12.4171  -0.005
  1245.00   0.973   12.1025   12.4253  -0.019
  1255.00   0.980   12.1027   12.4332   0.022
  1265.00   0.988   12.1026   12.4411  -0.013
  1275.00   0.996   12.1028   12.4490   0.020
Phi over 0.016 < z/H < 0.195: mean 1.216  min 1.039  max 1.540
step    4100  t   5328.0 s ( 1.66 T)  u* 0.3863 (0.966 of target)  U1  6.293  Utop 12.119  CFL 1.308  div 5.96e-08  117.59 ms/step
step    4200  t   5457.9 s ( 1.71 T)  u* 0.3863 (0.966 of target)  U1  6.294  Utop 12.135  CFL 1.341  div 5.96e-08  117.61 ms/step
step    4300  t   5587.8 s ( 1.75 T)  u* 0.3863 (0.966 of target)  U1  6.294  Utop 12.151  CFL 1.326  div 5.96e-08  117.59 ms/step
step    4400  t   5717.7 s ( 1.79 T)  u* 0.3855 (0.964 of target)  U1  6.282  Utop 12.168  CFL 1.302  div 5.96e-08  117.62 ms/step
step    4500  t   5847.7 s ( 1.83 T)  u* 0.3844 (0.961 of target)  U1  6.264  Utop 12.184  CFL 1.303  div 5.97e-08  117.60 ms/step
step    4600  t   5977.6 s ( 1.87 T)  u* 0.3842 (0.960 of target)  U1  6.258  Utop 12.200  CFL 1.338  div 5.96e-08  117.62 ms/step
step    4700  t   6107.5 s ( 1.91 T)  u* 0.3840 (0.960 of target)  U1  6.256  Utop 12.216  CFL 1.312  div 5.96e-08  117.59 ms/step
step    4800  t   6237.5 s ( 1.95 T)  u* 0.3838 (0.960 of target)  U1  6.253  Utop 12.233  CFL 1.321  div 5.96e-08  117.62 ms/step
step    4900  t   6367.4 s ( 1.99 T)  u* 0.3838 (0.960 of target)  U1  6.252  Utop 12.249  CFL 1.362  div 5.96e-08  117.60 ms/step
step    5000  t   6497.3 s ( 2.03 T)  u* 0.3846 (0.961 of target)  U1  6.264  Utop 12.265  CFL 1.320  div 5.96e-08  117.62 ms/step
step    5100  t   6627.3 s ( 2.07 T)  u* 0.3845 (0.961 of target)  U1  6.263  Utop 12.281  CFL 1.312  div 5.96e-08  117.60 ms/step
step    5200  t   6757.2 s ( 2.11 T)  u* 0.3835 (0.959 of target)  U1  6.247  Utop 12.298  CFL 1.345  div 5.96e-08  117.62 ms/step
step    5300  t   6887.1 s ( 2.15 T)  u* 0.3828 (0.957 of target)  U1  6.235  Utop 12.314  CFL 1.332  div 5.96e-08  117.59 ms/step
step    5400  t   7017.1 s ( 2.19 T)  u* 0.3825 (0.956 of target)  U1  6.230  Utop 12.330  CFL 1.307  div 5.96e-08  117.62 ms/step
step    5500  t   7147.0 s ( 2.23 T)  u* 0.3828 (0.957 of target)  U1  6.236  Utop 12.346  CFL 1.329  div 5.96e-08  117.59 ms/step
step    5600  t   7276.9 s ( 2.27 T)  u* 0.3828 (0.957 of target)  U1  6.236  Utop 12.363  CFL 1.356  div 5.96e-08  117.62 ms/step
step    5700  t   7406.9 s ( 2.31 T)  u* 0.3828 (0.957 of target)  U1  6.235  Utop 12.379  CFL 1.364  div 5.82e-08  117.59 ms/step
step    5800  t   7536.8 s ( 2.36 T)  u* 0.3831 (0.958 of target)  U1  6.238  Utop 12.395  CFL 1.379  div 5.96e-08  117.62 ms/step
step    5900  t   7666.7 s ( 2.40 T)  u* 0.3837 (0.959 of target)  U1  6.248  Utop 12.411  CFL 1.309  div 5.96e-08  117.59 ms/step
step    6000  t   7796.7 s ( 2.44 T)  u* 0.3834 (0.959 of target)  U1  6.243  Utop 12.428  CFL 1.307  div 5.96e-08  117.61 ms/step

instantaneous profile at step 6000
    z [m]     z/H   U [m/s]   log law     Phi
     5.00   0.004    6.2434    6.6009     nan
    15.00   0.012    7.5303    7.9872   1.343
    25.00   0.020    8.0493    8.5104   1.083
    35.00   0.027    8.4348    8.8502   1.207
    45.00   0.035    8.6930    9.1029   1.078
    55.00   0.043    8.9000    9.3043   1.079
    65.00   0.051    9.0608    9.4717   1.007
    75.00   0.059    9.1991    9.6151   1.010
    85.00   0.066    9.3172    9.7404   0.985
    95.00   0.074    9.4244    9.8517   1.007
   105.00   0.082    9.5204    9.9519   1.001
   115.00   0.090    9.6087   10.0429   1.014
   125.00   0.098    9.6917   10.1264   1.040
   135.00   0.105    9.7710   10.2034   1.075
   145.00   0.113    9.8456   10.2749   1.090
   155.00   0.121    9.9163   10.3416   1.105
   165.00   0.129    9.9855   10.4041   1.155
   175.00   0.137   10.0543   10.4630   1.220
   185.00   0.145   10.1199   10.5186   1.233
   195.00   0.152   10.1832   10.5712   1.254
   205.00   0.160   10.2463   10.6212   1.316
   215.00   0.168   10.3070   10.6689   1.331
   225.00   0.176   10.3638   10.7143   1.304
   235.00   0.184   10.4194   10.7578   1.333
   245.00   0.191   10.4738   10.7995   1.364
   255.00   0.199   10.5270   10.8395   1.387
   265.00   0.207   10.5803   10.8780   1.446
   275.00   0.215   10.6328   10.9150   1.479
   285.00   0.223   10.6852   10.9508   1.529
   295.00   0.230   10.7357   10.9852   1.528
   305.00   0.238   10.7845   11.0186   1.528
   315.00   0.246   10.8322   11.0509   1.544
   325.00   0.254   10.8795   11.0821   1.579
   335.00   0.262   10.9255   11.1124   1.582
   345.00   0.270   10.9700   11.1418   1.580
   355.00   0.277   11.0146   11.1704   1.627
   365.00   0.285   11.0594   11.1982   1.682
   375.00   0.293   11.1028   11.2252   1.677
   385.00   0.301   11.1459   11.2516   1.710
   395.00   0.309   11.1873   11.2771   1.683
   405.00   0.316   11.2267   11.3022   1.644
   415.00   0.324   11.2660   11.3266   1.681
   425.00   0.332   11.3058   11.3503   1.744
   435.00   0.340   11.3440   11.3736   1.715
   445.00   0.348   11.3826   11.3964   1.769
   455.00   0.355   11.4187   11.4186   1.698
   465.00   0.363   11.4561   11.4403   1.795
   475.00   0.371   11.4942   11.4616   1.865
   485.00   0.379   11.5305   11.4825   1.820
   495.00   0.387   11.5660   11.5028   1.816
   505.00   0.395   11.6012   11.5229   1.832
   515.00   0.402   11.6347   11.5424   1.783
   525.00   0.410   11.6660   11.5618   1.702
   535.00   0.418   11.6965   11.5805   1.683
   545.00   0.426   11.7270   11.5991   1.719
   555.00   0.434   11.7576   11.6173   1.755
   565.00   0.441   11.7871   11.6351   1.725
   575.00   0.449   11.8154   11.6527   1.684
   585.00   0.457   11.8423   11.6699   1.627
   595.00   0.465   11.8694   11.6868   1.665
   605.00   0.473   11.8967   11.7036   1.710
   615.00   0.480   11.9223   11.7199   1.628
   625.00   0.488   11.9480   11.7361   1.667
   635.00   0.496   11.9741   11.7519   1.713
   645.00   0.504   11.9997   11.7675   1.713
   655.00   0.512   12.0246   11.7830   1.685
   665.00   0.520   12.0487   11.7981   1.658
   675.00   0.527   12.0719   11.8129   1.624
   685.00   0.535   12.0941   11.8277   1.573
   695.00   0.543   12.1153   11.8422   1.528
   705.00   0.551   12.1350   11.8565   1.440
   715.00   0.559   12.1533   11.8706   1.355
   725.00   0.566   12.1715   11.8845   1.364
   735.00   0.574   12.1894   11.8981   1.361
   745.00   0.582   12.2064   11.9117   1.316
   755.00   0.590   12.2227   11.9250   1.272
   765.00   0.598   12.2382   11.9382   1.236
   775.00   0.605   12.2532   11.9512   1.200
   785.00   0.613   12.2667   11.9641   1.098
   795.00   0.621   12.2785   11.9767   0.978
   805.00   0.629   12.2903   11.9892   0.984
   815.00   0.637   12.3020   12.0015   0.988
   825.00   0.645   12.3127   12.0137   0.912
   835.00   0.652   12.3226   12.0258   0.856
   845.00   0.660   12.3315   12.0376   0.781
   855.00   0.668   12.3399   12.0495   0.750
   865.00   0.676   12.3483   12.0609   0.748
   875.00   0.684   12.3560   12.0726   0.698
   885.00   0.691   12.3629   12.0839   0.632
   895.00   0.699   12.3692   12.0951   0.593
   905.00   0.707   12.3752   12.1062   0.563
   915.00   0.715   12.3807   12.1173   0.517
   925.00   0.723   12.3857   12.1281   0.478
   935.00   0.730   12.3905   12.1389   0.471
   945.00   0.738   12.3947   12.1494   0.414
   955.00   0.746   12.3985   12.1601   0.368
   965.00   0.754   12.4017   12.1704   0.328
   975.00   0.762   12.4046   12.1808   0.290
   985.00   0.770   12.4072   12.1909   0.262
   995.00   0.777   12.4096   12.2012   0.252
  1005.00   0.785   12.4118   12.2110   0.225
  1015.00   0.793   12.4136   12.2209   0.193
  1025.00   0.801   12.4149   12.2309   0.135
  1035.00   0.809   12.4156   12.2404   0.078
  1045.00   0.816   12.4161   12.2500   0.059
  1055.00   0.824   12.4167   12.2597   0.063
  1065.00   0.832   12.4174   12.2690   0.071
  1075.00   0.840   12.4182   12.2783   0.091
  1085.00   0.848   12.4191   12.2877   0.103
  1095.00   0.855   12.4203   12.2969   0.133
  1105.00   0.863   12.4214   12.3059   0.133
  1115.00   0.871   12.4228   12.3149   0.157
  1125.00   0.879   12.4240   12.3238   0.139
  1135.00   0.887   12.4249   12.3327   0.108
  1145.00   0.895   12.4257   12.3415   0.094
  1155.00   0.902   12.4262   12.3502   0.065
  1165.00   0.910   12.4266   12.3587   0.048
  1175.00   0.918   12.4269   12.3674   0.037
  1185.00   0.926   12.4270   12.3758   0.005
  1195.00   0.934   12.4272   12.3843   0.026
  1205.00   0.941   12.4272   12.3926   0.002
  1215.00   0.949   12.4276   12.4008   0.047
  1225.00   0.957   12.4275   12.4090  -0.005
  1235.00   0.965   12.4275   12.4171  -0.001
  1245.00   0.973   12.4274   12.4253  -0.016
  1255.00   0.980   12.4276   12.4332   0.024
  1265.00   0.988   12.4275   12.4411  -0.011
  1275.00   0.996   12.4276   12.4490   0.021
Phi over 0.016 < z/H < 0.195: mean 1.153  min 0.985  max 1.387
step    6100  t   7926.6 s ( 2.48 T)  u* 0.3830 (0.958 of target)  U1  6.238  Utop 12.444  CFL 1.358  div 5.96e-08  117.60 ms/step
step    6200  t   8056.5 s ( 2.52 T)  u* 0.3825 (0.956 of target)  U1  6.230  Utop 12.460  CFL 1.367  div 6.33e-08  117.62 ms/step
step    6300  t   8186.5 s ( 2.56 T)  u* 0.3822 (0.956 of target)  U1  6.225  Utop 12.476  CFL 1.351  div 5.68e-08  117.60 ms/step
step    6400  t   8316.4 s ( 2.60 T)  u* 0.3820 (0.955 of target)  U1  6.221  Utop 12.493  CFL 1.348  div 5.96e-08  117.62 ms/step
step    6500  t   8446.4 s ( 2.64 T)  u* 0.3820 (0.955 of target)  U1  6.220  Utop 12.509  CFL 1.311  div 5.96e-08  117.60 ms/step
step    6600  t   8576.4 s ( 2.68 T)  u* 0.3817 (0.954 of target)  U1  6.215  Utop 12.525  CFL 1.318  div 5.96e-08  117.62 ms/step
step    6700  t   8706.4 s ( 2.72 T)  u* 0.3816 (0.954 of target)  U1  6.214  Utop 12.541  CFL 1.359  div 5.96e-08  117.60 ms/step
step    6800  t   8836.4 s ( 2.76 T)  u* 0.3818 (0.955 of target)  U1  6.217  Utop 12.558  CFL 1.354  div 5.96e-08  117.65 ms/step
step    6900  t   8966.3 s ( 2.80 T)  u* 0.3808 (0.952 of target)  U1  6.202  Utop 12.574  CFL 1.359  div 6.71e-08  117.60 ms/step
step    7000  t   9096.3 s ( 2.84 T)  u* 0.3811 (0.953 of target)  U1  6.206  Utop 12.590  CFL 1.326  div 5.96e-08  117.62 ms/step
step    7100  t   9226.3 s ( 2.88 T)  u* 0.3815 (0.954 of target)  U1  6.213  Utop 12.606  CFL 1.339  div 5.96e-08  117.60 ms/step
step    7200  t   9356.3 s ( 2.92 T)  u* 0.3814 (0.953 of target)  U1  6.211  Utop 12.623  CFL 1.355  div 5.96e-08  117.61 ms/step
step    7300  t   9486.3 s ( 2.96 T)  u* 0.3811 (0.953 of target)  U1  6.207  Utop 12.639  CFL 1.382  div 5.96e-08  117.60 ms/step
step    7400  t   9616.2 s ( 3.01 T)  u* 0.3816 (0.954 of target)  U1  6.215  Utop 12.655  CFL 1.383  div 5.96e-08  117.62 ms/step
step    7500  t   9746.2 s ( 3.05 T)  u* 0.3813 (0.953 of target)  U1  6.209  Utop 12.671  CFL 1.382  div 5.96e-08  117.60 ms/step
step    7600  t   9876.2 s ( 3.09 T)  u* 0.3811 (0.953 of target)  U1  6.206  Utop 12.688  CFL 1.331  div 5.96e-08  117.62 ms/step
step    7700  t  10006.2 s ( 3.13 T)  u* 0.3806 (0.951 of target)  U1  6.198  Utop 12.704  CFL 1.360  div 5.96e-08  117.60 ms/step
step    7800  t  10136.2 s ( 3.17 T)  u* 0.3811 (0.953 of target)  U1  6.205  Utop 12.720  CFL 1.364  div 5.96e-08  117.63 ms/step
step    7900  t  10266.1 s ( 3.21 T)  u* 0.3814 (0.954 of target)  U1  6.210  Utop 12.736  CFL 1.409  div 5.96e-08  117.59 ms/step
step    8000  t  10396.1 s ( 3.25 T)  u* 0.3817 (0.954 of target)  U1  6.215  Utop 12.753  CFL 1.357  div 5.96e-08  117.62 ms/step

instantaneous profile at step 8000
    z [m]     z/H   U [m/s]   log law     Phi
     5.00   0.004    6.2150    6.6009     nan
    15.00   0.012    7.4970    7.9872   1.344
    25.00   0.020    8.0035    8.5104   1.062
    35.00   0.027    8.3820    8.8502   1.190
    45.00   0.035    8.6374    9.1029   1.071
    55.00   0.043    8.8447    9.3043   1.086
    65.00   0.051    9.0072    9.4717   1.022
    75.00   0.059    9.1506    9.6151   1.052
    85.00   0.066    9.2732    9.7404   1.028
    95.00   0.074    9.3805    9.8517   1.012
   105.00   0.082    9.4786    9.9519   1.028
   115.00   0.090    9.5696   10.0429   1.048
   125.00   0.098    9.6521   10.1264   1.038
   135.00   0.105    9.7281   10.2034   1.036
   145.00   0.113    9.7985   10.2749   1.033
   155.00   0.121    9.8655   10.3416   1.054
   165.00   0.129    9.9296   10.4041   1.075
   175.00   0.137    9.9938   10.4630   1.143
   185.00   0.145   10.0569   10.5186   1.192
   195.00   0.152   10.1181   10.5712   1.217
   205.00   0.160   10.1764   10.6212   1.222
   215.00   0.168   10.2326   10.6689   1.238
   225.00   0.176   10.2859   10.7143   1.229
   235.00   0.184   10.3403   10.7578   1.312
   245.00   0.191   10.3938   10.7995   1.346
   255.00   0.199   10.4464   10.8395   1.378
   265.00   0.207   10.4971   10.8780   1.381
   275.00   0.215   10.5456   10.9150   1.374
   285.00   0.223   10.5955   10.9508   1.464
   295.00   0.230   10.6453   10.9852   1.515
   305.00   0.238   10.6940   11.0186   1.529
   315.00   0.246   10.7413   11.0509   1.539
   325.00   0.254   10.7865   11.0821   1.516
   335.00   0.262   10.8314   11.1124   1.551
   345.00   0.270   10.8762   11.1418   1.595
   355.00   0.277   10.9181   11.1704   1.538
   365.00   0.285   10.9586   11.1982   1.529
   375.00   0.293   10.9970   11.2252   1.489
   385.00   0.301   11.0351   11.2516   1.519
   395.00   0.309   11.0735   11.2771   1.567
   405.00   0.316   11.1105   11.3022   1.551
   415.00   0.324   11.1480   11.3266   1.613
   425.00   0.332   11.1868   11.3503   1.708
   435.00   0.340   11.2249   11.3736   1.717
   445.00   0.348   11.2617   11.3964   1.698
   455.00   0.355   11.2978   11.4186   1.704
   465.00   0.363   11.3356   11.4403   1.818
   475.00   0.371   11.3728   11.4616   1.832
   485.00   0.379   11.4084   11.4825   1.793
   495.00   0.387   11.4425   11.5028   1.750
   505.00   0.395   11.4761   11.5229   1.764
   515.00   0.402   11.5098   11.5424   1.799
   525.00   0.410   11.5442   11.5618   1.876
   535.00   0.418   11.5783   11.5805   1.893
   545.00   0.426   11.6117   11.5991   1.892
   555.00   0.434   11.6452   11.6173   1.931
   565.00   0.441   11.6783   11.6351   1.945
   575.00   0.449   11.7103   11.6527   1.911
   585.00   0.457   11.7414   11.6699   1.888
   595.00   0.465   11.7729   11.6868   1.946
   605.00   0.473   11.8050   11.7036   2.019
   615.00   0.480   11.8353   11.7199   1.938
   625.00   0.488   11.8655   11.7361   1.964
   635.00   0.496   11.8966   11.7519   2.051
   645.00   0.504   11.9253   11.7675   1.927
   655.00   0.512   11.9542   11.7830   1.968
   665.00   0.520   11.9833   11.7981   2.015
   675.00   0.527   12.0106   11.8129   1.912
   685.00   0.535   12.0366   11.8277   1.856
   695.00   0.543   12.0619   11.8422   1.828
   705.00   0.551   12.0866   11.8565   1.817
   715.00   0.559   12.1112   11.8706   1.828
   725.00   0.566   12.1352   11.8845   1.810
   735.00   0.574   12.1589   11.8981   1.815
   745.00   0.582   12.1826   11.9117   1.834
   755.00   0.590   12.2055   11.9250   1.801
   765.00   0.598   12.2269   11.9382   1.709
   775.00   0.605   12.2483   11.9512   1.727
   785.00   0.613   12.2696   11.9641   1.740
   795.00   0.621   12.2905   11.9767   1.727
   805.00   0.629   12.3108   11.9892   1.699
   815.00   0.637   12.3301   12.0015   1.641
   825.00   0.645   12.3492   12.0137   1.640
   835.00   0.652   12.3687   12.0258   1.703
   845.00   0.660   12.3874   12.0376   1.640
   855.00   0.668   12.4048   12.0495   1.551
   865.00   0.676   12.4221   12.0609   1.562
   875.00   0.684   12.4386   12.0726   1.504
   885.00   0.691   12.4546   12.0839   1.472
   895.00   0.699   12.4700   12.0951   1.437
   905.00   0.707   12.4853   12.1062   1.446
   915.00   0.715   12.5002   12.1173   1.417
   925.00   0.723   12.5146   12.1281   1.389
   935.00   0.730   12.5280   12.1389   1.311
   945.00   0.738   12.5406   12.1494   1.243
   955.00   0.746   12.5526   12.1601   1.187
   965.00   0.754   12.5634   12.1704   1.094
   975.00   0.762   12.5733   12.1808   1.006
   985.00   0.770   12.5831   12.1909   1.006
   995.00   0.777   12.5928   12.2012   1.001
  1005.00   0.785   12.6017   12.2110   0.932
  1015.00   0.793   12.6102   12.2209   0.900
  1025.00   0.801   12.6182   12.2309   0.860
  1035.00   0.809   12.6251   12.2404   0.741
  1045.00   0.816   12.6316   12.2500   0.709
  1055.00   0.824   12.6383   12.2597   0.734
  1065.00   0.832   12.6454   12.2690   0.790
  1075.00   0.840   12.6530   12.2783   0.857
  1085.00   0.848   12.6615   12.2877   0.967
  1095.00   0.855   12.6711   12.2969   1.087
  1105.00   0.863   12.6814   12.3059   1.197
  1115.00   0.871   12.6925   12.3149   1.284
  1125.00   0.879   12.7037   12.3238   1.318
  1135.00   0.887   12.7144   12.3327   1.270
  1145.00   0.895   12.7241   12.3415   1.149
  1155.00   0.902   12.7322   12.3502   0.980
  1165.00   0.910   12.7387   12.3587   0.786
  1175.00   0.918   12.7435   12.3674   0.590
  1185.00   0.926   12.7467   12.3758   0.401
  1195.00   0.934   12.7490   12.3843   0.285
  1205.00   0.941   12.7503   12.3926   0.165
  1215.00   0.949   12.7514   12.4008   0.139
  1225.00   0.957   12.7518   12.4090   0.051
  1235.00   0.965   12.7520   12.4171   0.032
  1245.00   0.973   12.7521   12.4253   0.005
  1255.00   0.980   12.7523   12.4332   0.034
  1265.00   0.988   12.7523   12.4411  -0.003
  1275.00   0.996   12.7525   12.4490   0.026
Phi over 0.016 < z/H < 0.195: mean 1.130  min 1.012  max 1.378
step    8100  t  10526.1 s ( 3.29 T)  u* 0.3820 (0.955 of target)  U1  6.220  Utop 12.769  CFL 1.341  div 5.96e-08  117.60 ms/step
step    8200  t  10656.1 s ( 3.33 T)  u* 0.3820 (0.955 of target)  U1  6.220  Utop 12.785  CFL 1.352  div 5.96e-08  117.62 ms/step
step    8300  t  10786.1 s ( 3.37 T)  u* 0.3825 (0.956 of target)  U1  6.228  Utop 12.801  CFL 1.359  div 5.96e-08  117.60 ms/step
step    8400  t  10916.0 s ( 3.41 T)  u* 0.3824 (0.956 of target)  U1  6.227  Utop 12.817  CFL 1.357  div 5.96e-08  117.62 ms/step
step    8500  t  11046.0 s ( 3.45 T)  u* 0.3825 (0.956 of target)  U1  6.228  Utop 12.834  CFL 1.333  div 5.96e-08  117.60 ms/step
step    8600  t  11176.0 s ( 3.49 T)  u* 0.3824 (0.956 of target)  U1  6.227  Utop 12.850  CFL 1.381  div 5.82e-08  117.62 ms/step
step    8700  t  11306.0 s ( 3.53 T)  u* 0.3821 (0.955 of target)  U1  6.222  Utop 12.866  CFL 1.370  div 5.96e-08  117.60 ms/step
step    8800  t  11436.0 s ( 3.57 T)  u* 0.3823 (0.956 of target)  U1  6.224  Utop 12.882  CFL 1.390  div 5.96e-08  117.62 ms/step
step    8900  t  11565.9 s ( 3.61 T)  u* 0.3830 (0.957 of target)  U1  6.235  Utop 12.899  CFL 1.422  div 6.15e-08  117.60 ms/step
step    9000  t  11695.9 s ( 3.65 T)  u* 0.3826 (0.956 of target)  U1  6.228  Utop 12.915  CFL 1.354  div 6.01e-08  117.62 ms/step
step    9100  t  11825.9 s ( 3.70 T)  u* 0.3823 (0.956 of target)  U1  6.224  Utop 12.931  CFL 1.419  div 5.96e-08  117.60 ms/step
step    9200  t  11955.9 s ( 3.74 T)  u* 0.3828 (0.957 of target)  U1  6.231  Utop 12.947  CFL 1.404  div 6.33e-08  117.62 ms/step
step    9300  t  12085.9 s ( 3.78 T)  u* 0.3834 (0.958 of target)  U1  6.240  Utop 12.964  CFL 1.400  div 5.96e-08  117.60 ms/step
step    9400  t  12215.8 s ( 3.82 T)  u* 0.3839 (0.960 of target)  U1  6.247  Utop 12.980  CFL 1.401  div 6.71e-08  117.62 ms/step
step    9500  t  12345.8 s ( 3.86 T)  u* 0.3832 (0.958 of target)  U1  6.237  Utop 12.996  CFL 1.384  div 5.77e-08  117.60 ms/step
step    9600  t  12475.8 s ( 3.90 T)  u* 0.3833 (0.958 of target)  U1  6.238  Utop 13.012  CFL 1.454  div 5.96e-08  117.62 ms/step
step    9700  t  12605.8 s ( 3.94 T)  u* 0.3835 (0.959 of target)  U1  6.243  Utop 13.029  CFL 1.406  div 5.96e-08  117.59 ms/step
step    9800  t  12735.8 s ( 3.98 T)  u* 0.3842 (0.960 of target)  U1  6.254  Utop 13.045  CFL 1.454  div 5.68e-08  117.62 ms/step
step    9900  t  12865.7 s ( 4.02 T)  u* 0.3836 (0.959 of target)  U1  6.244  Utop 13.061  CFL 1.411  div 5.96e-08  117.60 ms/step
step   10000  t  12995.7 s ( 4.06 T)  u* 0.3832 (0.958 of target)  U1  6.238  Utop 13.077  CFL 1.426  div 6.15e-08  117.62 ms/step

instantaneous profile at step 10000
    z [m]     z/H   U [m/s]   log law     Phi
     5.00   0.004    6.2383    6.6009     nan
    15.00   0.012    7.5345    7.9872   1.353
    25.00   0.020    8.0622    8.5104   1.102
    35.00   0.027    8.4515    8.8502   1.219
    45.00   0.035    8.7079    9.1029   1.071
    55.00   0.043    8.9104    9.3043   1.057
    65.00   0.051    9.0691    9.4717   0.994
    75.00   0.059    9.2057    9.6151   0.998
    85.00   0.066    9.3216    9.7404   0.968
    95.00   0.074    9.4253    9.8517   0.974
   105.00   0.082    9.5200    9.9519   0.989
   115.00   0.090    9.6039   10.0429   0.964
   125.00   0.098    9.6818   10.1264   0.975
   135.00   0.105    9.7574   10.2034   1.025
   145.00   0.113    9.8294   10.2749   1.053
   155.00   0.121    9.8985   10.3416   1.082
   165.00   0.129    9.9624   10.4041   1.066
   175.00   0.137   10.0209   10.4630   1.038
   185.00   0.145   10.0773   10.5186   1.060
   195.00   0.152   10.1314   10.5712   1.072
   205.00   0.160   10.1847   10.6212   1.113
   215.00   0.168   10.2362   10.6689   1.130
   225.00   0.176   10.2856   10.7143   1.135
   235.00   0.184   10.3337   10.7578   1.155
   245.00   0.191   10.3809   10.7995   1.181
   255.00   0.199   10.4265   10.8395   1.191
   265.00   0.207   10.4734   10.8780   1.272
   275.00   0.215   10.5198   10.9150   1.309
   285.00   0.223   10.5654   10.9508   1.333
   295.00   0.230   10.6097   10.9852   1.341
   305.00   0.238   10.6534   11.0186   1.367
   315.00   0.246   10.6970   11.0509   1.412
   325.00   0.254   10.7404   11.0821   1.451
   335.00   0.262   10.7824   11.1124   1.447
   345.00   0.270   10.8246   11.1418   1.498
   355.00   0.277   10.8674   11.1704   1.563
   365.00   0.285   10.9079   11.1982   1.520
   375.00   0.293   10.9469   11.2252   1.506
   385.00   0.301   10.9861   11.2516   1.558
   395.00   0.309   11.0243   11.2771   1.554
   405.00   0.316   11.0638   11.3022   1.647
   415.00   0.324   11.1030   11.3266   1.678
   425.00   0.332   11.1413   11.3503   1.678
   435.00   0.340   11.1785   11.3736   1.674
   445.00   0.348   11.2168   11.3964   1.758
   455.00   0.355   11.2542   11.4186   1.758
   465.00   0.363   11.2900   11.4403   1.719
   475.00   0.371   11.3260   11.4616   1.766
   485.00   0.379   11.3609   11.4825   1.746
   495.00   0.387   11.3959   11.5028   1.793
   505.00   0.395   11.4311   11.5229   1.834
   515.00   0.402   11.4659   11.5424   1.855
   525.00   0.410   11.5015   11.5618   1.934
   535.00   0.418   11.5363   11.5805   1.925
   545.00   0.426   11.5708   11.5991   1.946
   555.00   0.434   11.6052   11.6173   1.971
   565.00   0.441   11.6395   11.6351   2.005
   575.00   0.449   11.6740   11.6527   2.054
   585.00   0.457   11.7072   11.6699   2.014
   595.00   0.465   11.7381   11.6868   1.899
   605.00   0.473   11.7687   11.7036   1.920
   615.00   0.480   11.7982   11.7199   1.878
   625.00   0.488   11.8265   11.7361   1.828
   635.00   0.496   11.8552   11.7519   1.890
   645.00   0.504   11.8834   11.7675   1.881
   655.00   0.512   11.9100   11.7830   1.805
   665.00   0.520   11.9365   11.7981   1.828
   675.00   0.527   11.9628   11.8129   1.838
   685.00   0.535   11.9879   11.8277   1.788
   695.00   0.543   12.0136   11.8422   1.848
   705.00   0.551   12.0394   11.8565   1.885
   715.00   0.559   12.0642   11.8706   1.841
   725.00   0.566   12.0888   11.8845   1.848
   735.00   0.574   12.1132   11.8981   1.857
   745.00   0.582   12.1364   11.9117   1.790
   755.00   0.590   12.1600   11.9250   1.850
   765.00   0.598   12.1841   11.9382   1.916
   775.00   0.605   12.2071   11.9512   1.848
   785.00   0.613   12.2298   11.9641   1.842
   795.00   0.621   12.2513   11.9767   1.777
   805.00   0.629   12.2729   11.9892   1.807
   815.00   0.637   12.2949   12.0015   1.858
   825.00   0.645   12.3173   12.0137   1.918
   835.00   0.652   12.3391   12.0258   1.891
   845.00   0.660   12.3597   12.0376   1.804
   855.00   0.668   12.3807   12.0495   1.865
   865.00   0.676   12.4015   12.0609   1.866
   875.00   0.684   12.4212   12.0726   1.790
   885.00   0.691   12.4406   12.0839   1.780
   895.00   0.699   12.4600   12.0951   1.807
   905.00   0.707   12.4782   12.1062   1.706
   915.00   0.715   12.4953   12.1173   1.624
   925.00   0.723   12.5123   12.1281   1.635
   935.00   0.730   12.5295   12.1389   1.664
   945.00   0.738   12.5453   12.1494   1.550
   955.00   0.746   12.5610   12.1601   1.560
   965.00   0.754   12.5770   12.1704   1.609
   975.00   0.762   12.5927   12.1808   1.581
   985.00   0.770   12.6073   12.1909   1.498
   995.00   0.777   12.6221   12.2012   1.532
  1005.00   0.785   12.6366   12.2110   1.514
  1015.00   0.793   12.6502   12.2209   1.427
  1025.00   0.801   12.6634   12.2309   1.412
  1035.00   0.809   12.6769   12.2404   1.448
  1045.00   0.816   12.6911   12.2500   1.538
  1055.00   0.824   12.7059   12.2597   1.624
  1065.00   0.832   12.7215   12.2690   1.726
  1075.00   0.840   12.7382   12.2783   1.873
  1085.00   0.848   12.7562   12.2877   2.027
  1095.00   0.855   12.7758   12.2969   2.231
  1105.00   0.863   12.7981   12.3059   2.555
  1115.00   0.871   12.8233   12.3149   2.923
  1125.00   0.879   12.8513   12.3238   3.274
  1135.00   0.887   12.8822   12.3327   3.638
  1145.00   0.895   12.9148   12.3415   3.887
  1155.00   0.902   12.9477   12.3502   3.951
  1165.00   0.910   12.9790   12.3587   3.791
  1175.00   0.918   13.0068   12.3674   3.393
  1185.00   0.926   13.0297   12.3758   2.815
  1195.00   0.934   13.0473   12.3843   2.192
  1205.00   0.941   13.0597   12.3926   1.556
  1215.00   0.949   13.0679   12.4008   1.035
  1225.00   0.957   13.0725   12.4090   0.583
  1235.00   0.965   13.0749   12.4171   0.309
  1245.00   0.973   13.0760   12.4253   0.141
  1255.00   0.980   13.0767   12.4332   0.097
  1265.00   0.988   13.0770   12.4411   0.035
  1275.00   0.996   13.0774   12.4490   0.050
Phi over 0.016 < z/H < 0.195: mean 1.067  min 0.964  max 1.219
step   10100  t  13125.7 s ( 4.10 T)  u* 0.3833 (0.958 of target)  U1  6.241  Utop 13.094  CFL 1.365  div 5.96e-08  117.59 ms/step
step   10200  t  13255.7 s ( 4.14 T)  u* 0.3842 (0.960 of target)  U1  6.254  Utop 13.110  CFL 1.391  div 6.71e-08  117.62 ms/step
step   10300  t  13385.7 s ( 4.18 T)  u* 0.3840 (0.960 of target)  U1  6.251  Utop 13.126  CFL 1.397  div 5.96e-08  117.60 ms/step
step   10400  t  13515.6 s ( 4.22 T)  u* 0.3844 (0.961 of target)  U1  6.257  Utop 13.142  CFL 1.386  div 6.71e-08  117.61 ms/step
step   10500  t  13645.6 s ( 4.26 T)  u* 0.3846 (0.961 of target)  U1  6.261  Utop 13.159  CFL 1.415  div 5.96e-08  117.59 ms/step
step   10600  t  13775.6 s ( 4.30 T)  u* 0.3852 (0.963 of target)  U1  6.269  Utop 13.175  CFL 1.397  div 6.71e-08  117.62 ms/step
step   10700  t  13905.6 s ( 4.35 T)  u* 0.3848 (0.962 of target)  U1  6.264  Utop 13.191  CFL 1.398  div 6.01e-08  117.60 ms/step
step   10800  t  14035.6 s ( 4.39 T)  u* 0.3848 (0.962 of target)  U1  6.264  Utop 13.207  CFL 1.386  div 5.96e-08  117.62 ms/step
step   10900  t  14165.5 s ( 4.43 T)  u* 0.3843 (0.961 of target)  U1  6.256  Utop 13.224  CFL 1.382  div 5.96e-08  117.60 ms/step
step   11000  t  14295.5 s ( 4.47 T)  u* 0.3844 (0.961 of target)  U1  6.257  Utop 13.240  CFL 1.418  div 6.71e-08  117.62 ms/step
step   11100  t  14425.5 s ( 4.51 T)  u* 0.3848 (0.962 of target)  U1  6.264  Utop 13.256  CFL 1.422  div 5.96e-08  117.60 ms/step
step   11200  t  14555.5 s ( 4.55 T)  u* 0.3843 (0.961 of target)  U1  6.256  Utop 13.272  CFL 1.409  div 5.96e-08  117.61 ms/step
step   11300  t  14685.5 s ( 4.59 T)  u* 0.3849 (0.962 of target)  U1  6.264  Utop 13.288  CFL 1.380  div 5.96e-08  117.60 ms/step
step   11400  t  14815.5 s ( 4.63 T)  u* 0.3857 (0.964 of target)  U1  6.277  Utop 13.305  CFL 1.392  div 5.96e-08  117.62 ms/step
step   11500  t  14945.4 s ( 4.67 T)  u* 0.3859 (0.965 of target)  U1  6.281  Utop 13.321  CFL 1.423  div 5.96e-08  117.60 ms/step
step   11600  t  15075.4 s ( 4.71 T)  u* 0.3851 (0.963 of target)  U1  6.268  Utop 13.337  CFL 1.388  div 5.96e-08  117.62 ms/step
step   11700  t  15205.4 s ( 4.75 T)  u* 0.3855 (0.964 of target)  U1  6.274  Utop 13.353  CFL 1.427  div 5.96e-08  117.59 ms/step
step   11800  t  15335.4 s ( 4.79 T)  u* 0.3857 (0.964 of target)  U1  6.278  Utop 13.370  CFL 1.440  div 5.96e-08  117.62 ms/step
step   11900  t  15465.4 s ( 4.83 T)  u* 0.3862 (0.966 of target)  U1  6.286  Utop 13.386  CFL 1.378  div 5.96e-08  117.60 ms/step
step   12000  t  15595.3 s ( 4.87 T)  u* 0.3860 (0.965 of target)  U1  6.283  Utop 13.402  CFL 1.391  div 5.96e-08  117.62 ms/step

instantaneous profile at step 12000
    z [m]     z/H   U [m/s]   log law     Phi
     5.00   0.004    6.2829    6.6009     nan
    15.00   0.012    7.5888    7.9872   1.353
    25.00   0.020    8.1093    8.5104   1.079
    35.00   0.027    8.4963    8.8502   1.203
    45.00   0.035    8.7492    9.1029   1.048
    55.00   0.043    8.9470    9.3043   1.025
    65.00   0.051    9.1015    9.4717   0.961
    75.00   0.059    9.2348    9.6151   0.967
    85.00   0.066    9.3487    9.7404   0.945
    95.00   0.074    9.4513    9.8517   0.957
   105.00   0.082    9.5427    9.9519   0.947
   115.00   0.090    9.6295   10.0429   0.989
   125.00   0.098    9.7089   10.1264   0.988
   135.00   0.105    9.7834   10.2034   1.003
   145.00   0.113    9.8528   10.2749   1.008
   155.00   0.121    9.9212   10.3416   1.063
   165.00   0.129    9.9869   10.4041   1.088
   175.00   0.137   10.0488   10.4630   1.091
   185.00   0.145   10.1102   10.5186   1.144
   195.00   0.152   10.1699   10.5712   1.176
   205.00   0.160   10.2272   10.6212   1.188
   215.00   0.168   10.2806   10.6689   1.160
   225.00   0.176   10.3307   10.7143   1.143
   235.00   0.184   10.3808   10.7578   1.193
   245.00   0.191   10.4292   10.7995   1.206
   255.00   0.199   10.4764   10.8395   1.223
   265.00   0.207   10.5223   10.8780   1.236
   275.00   0.215   10.5699   10.9150   1.332
   285.00   0.223   10.6170   10.9508   1.367
   295.00   0.230   10.6616   10.9852   1.341
   305.00   0.238   10.7041   11.0186   1.322
   315.00   0.246   10.7466   11.0509   1.363
   325.00   0.254   10.7898   11.0821   1.434
   335.00   0.262   10.8322   11.1124   1.450
   345.00   0.270   10.8742   11.1418   1.478
   355.00   0.277   10.9151   11.1704   1.485
   365.00   0.285   10.9541   11.1982   1.453
   375.00   0.293   10.9919   11.2252   1.449
   385.00   0.301   11.0286   11.2516   1.447
   395.00   0.309   11.0644   11.2771   1.446
   405.00   0.316   11.1003   11.3022   1.488
   415.00   0.324   11.1364   11.3266   1.536
   425.00   0.332   11.1724   11.3503   1.568
   435.00   0.340   11.2071   11.3736   1.546
   445.00   0.348   11.2400   11.3964   1.499
   455.00   0.355   11.2727   11.4186   1.525
   465.00   0.363   11.3062   11.4403   1.594
   475.00   0.371   11.3389   11.4616   1.595
   485.00   0.379   11.3700   11.4825   1.545
   495.00   0.387   11.3994   11.5028   1.496
   505.00   0.395   11.4291   11.5229   1.539
   515.00   0.402   11.4587   11.5424   1.566
   525.00   0.410   11.4877   11.5618   1.561
   535.00   0.418   11.5158   11.5805   1.541
   545.00   0.426   11.5439   11.5991   1.574
   555.00   0.434   11.5725   11.6173   1.631
   565.00   0.441   11.6022   11.6351   1.724
   575.00   0.449   11.6315   11.6527   1.727
   585.00   0.457   11.6613   11.6699   1.790
   595.00   0.465   11.6927   11.6868   1.925
   605.00   0.473   11.7231   11.7036   1.889
   615.00   0.480   11.7529   11.7199   1.885
   625.00   0.488   11.7814   11.7361   1.826
   635.00   0.496   11.8096   11.7519   1.845
   645.00   0.504   11.8379   11.7675   1.874
   655.00   0.512   11.8658   11.7830   1.880
   665.00   0.520   11.8937   11.7981   1.911
   675.00   0.527   11.9203   11.8129   1.846
   685.00   0.535   11.9464   11.8277   1.834
   695.00   0.543   11.9727   11.8422   1.887
   705.00   0.551   11.9987   11.8565   1.881
   715.00   0.559   12.0246   11.8706   1.908
   725.00   0.566   12.0493   11.8845   1.841
   735.00   0.574   12.0734   11.8981   1.827
   745.00   0.582   12.0986   11.9117   1.930
   755.00   0.590   12.1228   11.9250   1.885
   765.00   0.598   12.1460   11.9382   1.822
   775.00   0.605   12.1689   11.9512   1.833
   785.00   0.613   12.1914   11.9641   1.817
   795.00   0.621   12.2130   11.9767   1.772
   805.00   0.629   12.2351   11.9892   1.828
   815.00   0.637   12.2567   12.0015   1.811
   825.00   0.645   12.2772   12.0137   1.742
   835.00   0.652   12.2965   12.0258   1.661
   845.00   0.660   12.3151   12.0376   1.623
   855.00   0.668   12.3347   12.0495   1.727
   865.00   0.676   12.3550   12.0609   1.807
   875.00   0.684   12.3741   12.0726   1.726
   885.00   0.691   12.3929   12.0839   1.709
   895.00   0.699   12.4115   12.0951   1.721
   905.00   0.707   12.4305   12.1062   1.768
   915.00   0.715   12.4481   12.1173   1.664
   925.00   0.723   12.4660   12.1281   1.705
   935.00   0.730   12.4833   12.1389   1.663
   945.00   0.738   12.5005   12.1494   1.680
   955.00   0.746   12.5179   12.1601   1.710
   965.00   0.754   12.5349   12.1704   1.691
   975.00   0.762   12.5513   12.1808   1.654
   985.00   0.770   12.5675   12.1909   1.641
   995.00   0.777   12.5836   12.2012   1.648
  1005.00   0.785   12.5993   12.2110   1.633
  1015.00   0.793   12.6155   12.2209   1.694
  1025.00   0.801   12.6327   12.2309   1.818
  1035.00   0.809   12.6496   12.2404   1.800
  1045.00   0.816   12.6668   12.2500   1.860
  1055.00   0.824   12.6852   12.2597   1.995
  1065.00   0.832   12.7045   12.2690   2.125
  1075.00   0.840   12.7254   12.2783   2.322
  1085.00   0.848   12.7493   12.2877   2.670
  1095.00   0.855   12.7759   12.2969   3.004
  1105.00   0.863   12.8066   12.3059   3.496
  1115.00   0.871   12.8427   12.3149   4.164
  1125.00   0.879   12.8850   12.3238   4.907
  1135.00   0.887   12.9342   12.3327   5.757
  1145.00   0.895   12.9903   12.3415   6.626
  1155.00   0.902   13.0519   12.3502   7.348
  1165.00   0.910   13.1169   12.3587   7.814
  1175.00   0.918   13.1819   12.3674   7.875
  1185.00   0.926   13.2423   12.3758   7.392
  1195.00   0.934   13.2943   12.3843   6.403
  1205.00   0.941   13.3349   12.3926   5.048
  1215.00   0.949   13.3636   12.4008   3.605
  1225.00   0.957   13.3817   12.4090   2.290
  1235.00   0.965   13.3921   12.4171   1.324
  1245.00   0.973   13.3974   12.4253   0.682
  1255.00   0.980   13.4001   12.4332   0.350
  1265.00   0.988   13.4013   12.4411   0.155
  1275.00   0.996   13.4021   12.4490   0.111
Phi over 0.016 < z/H < 0.195: mean 1.075  min 0.945  max 1.223
step   12100  t  15725.3 s ( 4.91 T)  u* 0.3860 (0.965 of target)  U1  6.283  Utop 13.418  CFL 1.392  div 5.96e-08  117.59 ms/step
step   12200  t  15855.3 s ( 4.95 T)  u* 0.3860 (0.965 of target)  U1  6.283  Utop 13.435  CFL 1.386  div 5.96e-08  117.62 ms/step
step   12300  t  15985.3 s ( 5.00 T)  u* 0.3861 (0.965 of target)  U1  6.284  Utop 13.451  CFL 1.423  div 5.96e-08  117.58 ms/step
step   12400  t  16115.3 s ( 5.04 T)  u* 0.3860 (0.965 of target)  U1  6.281  Utop 13.467  CFL 1.389  div 5.96e-08  117.62 ms/step
step   12500  t  16245.2 s ( 5.08 T)  u* 0.3858 (0.965 of target)  U1  6.280  Utop 13.483  CFL 1.388  div 5.96e-08  117.60 ms/step
step   12600  t  16375.2 s ( 5.12 T)  u* 0.3852 (0.963 of target)  U1  6.269  Utop 13.500  CFL 1.396  div 5.96e-08  117.62 ms/step
step   12700  t  16505.1 s ( 5.16 T)  u* 0.3858 (0.965 of target)  U1  6.279  Utop 13.516  CFL 1.380  div 5.96e-08  117.59 ms/step
step   12800  t  16635.0 s ( 5.20 T)  u* 0.3863 (0.966 of target)  U1  6.287  Utop 13.532  CFL 1.380  div 5.77e-08  117.62 ms/step
step   12900  t  16764.9 s ( 5.24 T)  u* 0.3861 (0.965 of target)  U1  6.283  Utop 13.547  CFL 1.481  div 6.52e-08  113.23 ms/step
step   13000  t  16894.8 s ( 5.28 T)  u* 0.3860 (0.965 of target)  U1  6.282  Utop 13.542  CFL 1.440  div 8.20e-08  108.12 ms/step
step   13100  t  17024.6 s ( 5.32 T)  u* 0.3870 (0.968 of target)  U1  6.299  Utop    nan  CFL   nan  div      nan  105.26 ms/step
step   13200  t  17154.5 s ( 5.36 T)  u*    nan (  nan of target)  U1    nan  Utop    nan  CFL   nan  div      nan   51.17 ms/step
step   13300  t  17284.4 s ( 5.40 T)  u*    nan (  nan of target)  U1    nan  Utop    nan  CFL   nan  div      nan   51.17 ms/step
step   13400  t  17414.3 s ( 5.44 T)  u*    nan (  nan of target)  U1    nan  Utop    nan  CFL   nan  div      nan   51.16 ms/step
step   13500  t  17544.2 s ( 5.48 T)  u*    nan (  nan of target)  U1    nan  Utop    nan  CFL   nan  div      nan   51.17 ms/step
step   13600  t  17674.1 s ( 5.52 T)  u*    nan (  nan of target)  U1    nan  Utop    nan  CFL   nan  div      nan   51.16 ms/step
step   13700  t  17803.9 s ( 5.56 T)  u*    nan (  nan of target)  U1    nan  Utop    nan  CFL   nan  div      nan   51.17 ms/step
step   13800  t  17933.8 s ( 5.60 T)  u*    nan (  nan of target)  U1    nan  Utop    nan  CFL   nan  div      nan   51.16 ms/step
step   13900  t  18063.7 s ( 5.64 T)  u*    nan (  nan of target)  U1    nan  Utop    nan  CFL   nan  div      nan   51.16 ms/step
step   14000  t  18193.6 s ( 5.69 T)  u*    nan (  nan of target)  U1    nan  Utop    nan  CFL   nan  div      nan   51.16 ms/step

instantaneous profile at step 14000
    z [m]     z/H   U [m/s]   log law     Phi
     5.00   0.004       nan    6.6009     nan
    15.00   0.012       nan    7.9872     nan
    25.00   0.020       nan    8.5104     nan
    35.00   0.027       nan    8.8502     nan
    45.00   0.035       nan    9.1029     nan
    55.00   0.043       nan    9.3043     nan
    65.00   0.051       nan    9.4717     nan
    75.00   0.059       nan    9.6151     nan
    85.00   0.066       nan    9.7404     nan
    95.00   0.074       nan    9.8517     nan
   105.00   0.082       nan    9.9519     nan
   115.00   0.090       nan   10.0429     nan
   125.00   0.098       nan   10.1264     nan
   135.00   0.105       nan   10.2034     nan
   145.00   0.113       nan   10.2749     nan
   155.00   0.121       nan   10.3416     nan
   165.00   0.129       nan   10.4041     nan
   175.00   0.137       nan   10.4630     nan
   185.00   0.145       nan   10.5186     nan
   195.00   0.152       nan   10.5712     nan
   205.00   0.160       nan   10.6212     nan
   215.00   0.168       nan   10.6689     nan
   225.00   0.176       nan   10.7143     nan
   235.00   0.184       nan   10.7578     nan
   245.00   0.191       nan   10.7995     nan
   255.00   0.199       nan   10.8395     nan
   265.00   0.207       nan   10.8780     nan
   275.00   0.215       nan   10.9150     nan
   285.00   0.223       nan   10.9508     nan
   295.00   0.230       nan   10.9852     nan
   305.00   0.238       nan   11.0186     nan
   315.00   0.246       nan   11.0509     nan
   325.00   0.254       nan   11.0821     nan
   335.00   0.262       nan   11.1124     nan
   345.00   0.270       nan   11.1418     nan
   355.00   0.277       nan   11.1704     nan
   365.00   0.285       nan   11.1982     nan
   375.00   0.293       nan   11.2252     nan
   385.00   0.301       nan   11.2516     nan
   395.00   0.309       nan   11.2771     nan
   405.00   0.316       nan   11.3022     nan
   415.00   0.324       nan   11.3266     nan
   425.00   0.332       nan   11.3503     nan
   435.00   0.340       nan   11.3736     nan
   445.00   0.348       nan   11.3964     nan
   455.00   0.355       nan   11.4186     nan
   465.00   0.363       nan   11.4403     nan
   475.00   0.371       nan   11.4616     nan
   485.00   0.379       nan   11.4825     nan
   495.00   0.387       nan   11.5028     nan
   505.00   0.395       nan   11.5229     nan
   515.00   0.402       nan   11.5424     nan
   525.00   0.410       nan   11.5618     nan
   535.00   0.418       nan   11.5805     nan
   545.00   0.426       nan   11.5991     nan
   555.00   0.434       nan   11.6173     nan
   565.00   0.441       nan   11.6351     nan
   575.00   0.449       nan   11.6527     nan
   585.00   0.457       nan   11.6699     nan
   595.00   0.465       nan   11.6868     nan
   605.00   0.473       nan   11.7036     nan
   615.00   0.480       nan   11.7199     nan
   625.00   0.488       nan   11.7361     nan
   635.00   0.496       nan   11.7519     nan
   645.00   0.504       nan   11.7675     nan
   655.00   0.512       nan   11.7830     nan
   665.00   0.520       nan   11.7981     nan
   675.00   0.527       nan   11.8129     nan
   685.00   0.535       nan   11.8277     nan
   695.00   0.543       nan   11.8422     nan
   705.00   0.551       nan   11.8565     nan
   715.00   0.559       nan   11.8706     nan
   725.00   0.566       nan   11.8845     nan
   735.00   0.574       nan   11.8981     nan
   745.00   0.582       nan   11.9117     nan
   755.00   0.590       nan   11.9250     nan
   765.00   0.598       nan   11.9382     nan
   775.00   0.605       nan   11.9512     nan
   785.00   0.613       nan   11.9641     nan
   795.00   0.621       nan   11.9767     nan
   805.00   0.629       nan   11.9892     nan
   815.00   0.637       nan   12.0015     nan
   825.00   0.645       nan   12.0137     nan
   835.00   0.652       nan   12.0258     nan
   845.00   0.660       nan   12.0376     nan
   855.00   0.668       nan   12.0495     nan
   865.00   0.676       nan   12.0609     nan
   875.00   0.684       nan   12.0726     nan
   885.00   0.691       nan   12.0839     nan
   895.00   0.699       nan   12.0951     nan
   905.00   0.707       nan   12.1062     nan
   915.00   0.715       nan   12.1173     nan
   925.00   0.723       nan   12.1281     nan
   935.00   0.730       nan   12.1389     nan
   945.00   0.738       nan   12.1494     nan
   955.00   0.746       nan   12.1601     nan
   965.00   0.754       nan   12.1704     nan
   975.00   0.762       nan   12.1808     nan
   985.00   0.770       nan   12.1909     nan
   995.00   0.777       nan   12.2012     nan
  1005.00   0.785       nan   12.2110     nan
  1015.00   0.793       nan   12.2209     nan
  1025.00   0.801       nan   12.2309     nan
  1035.00   0.809       nan   12.2404     nan
  1045.00   0.816       nan   12.2500     nan
  1055.00   0.824       nan   12.2597     nan
  1065.00   0.832       nan   12.2690     nan
  1075.00   0.840       nan   12.2783     nan
  1085.00   0.848       nan   12.2877     nan
  1095.00   0.855       nan   12.2969     nan
  1105.00   0.863       nan   12.3059     nan
  1115.00   0.871       nan   12.3149     nan
  1125.00   0.879       nan   12.3238     nan
  1135.00   0.887       nan   12.3327     nan
  1145.00   0.895       nan   12.3415     nan
  1155.00   0.902       nan   12.3502     nan
  1165.00   0.910       nan   12.3587     nan
  1175.00   0.918       nan   12.3674     nan
  1185.00   0.926       nan   12.3758     nan
  1195.00   0.934       nan   12.3843     nan
  1205.00   0.941       nan   12.3926     nan
  1215.00   0.949       nan   12.4008     nan
  1225.00   0.957       nan   12.4090     nan
  1235.00   0.965       nan   12.4171     nan
  1245.00   0.973       nan   12.4253     nan
  1255.00   0.980       nan   12.4332     nan
  1265.00   0.988       nan   12.4411     nan
  1275.00   0.996       nan   12.4490     nan
Phi over 0.016 < z/H < 0.195: mean nan  min nan  max nan
step   14100  t  18323.5 s ( 5.73 T)  u*    nan (  nan of target)  U1    nan  Utop    nan  CFL   nan  div      nan   51.17 ms/step
step   14200  t  18453.3 s ( 5.77 T)  u*    nan (  nan of target)  U1    nan  Utop    nan  CFL   nan  div      nan   51.16 ms/step
step   14300  t  18583.2 s ( 5.81 T)  u*    nan (  nan of target)  U1    nan  Utop    nan  CFL   nan  div      nan   51.17 ms/step
step   14400  t  18713.1 s ( 5.85 T)  u*    nan (  nan of target)  U1    nan  Utop    nan  CFL   nan  div      nan   51.16 ms/step
step   14500  t  18843.0 s ( 5.89 T)  u*    nan (  nan of target)  U1    nan  Utop    nan  CFL   nan  div      nan   51.17 ms/step
step   14600  t  18972.9 s ( 5.93 T)  u*    nan (  nan of target)  U1    nan  Utop    nan  CFL   nan  div      nan   51.16 ms/step
step   14700  t  19102.8 s ( 5.97 T)  u*    nan (  nan of target)  U1    nan  Utop    nan  CFL   nan  div      nan   51.17 ms/step
step   14800  t  19232.6 s ( 6.01 T)  u*    nan (  nan of target)  U1    nan  Utop    nan  CFL   nan  div      nan   51.16 ms/step
step   14900  t  19362.5 s ( 6.05 T)  u*    nan (  nan of target)  U1    nan  Utop    nan  CFL   nan  div      nan   51.17 ms/step
step   15000  t  19492.4 s ( 6.09 T)  u*    nan (  nan of target)  U1    nan  Utop    nan  CFL   nan  div      nan   51.16 ms/step
step   15100  t  19622.3 s ( 6.13 T)  u*    nan (  nan of target)  U1    nan  Utop    nan  CFL   nan  div      nan   51.17 ms/step
step   15200  t  19752.2 s ( 6.17 T)  u*    nan (  nan of target)  U1    nan  Utop    nan  CFL   nan  div      nan   51.16 ms/step
step   15300  t  19882.1 s ( 6.21 T)  u*    nan (  nan of target)  U1    nan  Utop    nan  CFL   nan  div      nan   51.17 ms/step
step   15400  t  20011.9 s ( 6.25 T)  u*    nan (  nan of target)  U1    nan  Utop    nan  CFL   nan  div      nan   51.16 ms/step
step   15500  t  20141.8 s ( 6.29 T)  u*    nan (  nan of target)  U1    nan  Utop    nan  CFL   nan  div      nan   51.17 ms/step
step   15600  t  20271.7 s ( 6.33 T)  u*    nan (  nan of target)  U1    nan  Utop    nan  CFL   nan  div      nan   51.16 ms/step
step   15700  t  20401.6 s ( 6.38 T)  u*    nan (  nan of target)  U1    nan  Utop    nan  CFL   nan  div      nan   51.17 ms/step
step   15800  t  20531.5 s ( 6.42 T)  u*    nan (  nan of target)  U1    nan  Utop    nan  CFL   nan  div      nan   51.16 ms/step
step   15900  t  20661.4 s ( 6.46 T)  u*    nan (  nan of target)  U1    nan  Utop    nan  CFL   nan  div      nan   51.17 ms/step
step   16000  t  20791.2 s ( 6.50 T)  u*    nan (  nan of target)  U1    nan  Utop    nan  CFL   nan  div      nan   51.16 ms/step

instantaneous profile at step 16000
    z [m]     z/H   U [m/s]   log law     Phi
     5.00   0.004       nan    6.6009     nan
    15.00   0.012       nan    7.9872     nan
    25.00   0.020       nan    8.5104     nan
    35.00   0.027       nan    8.8502     nan
    45.00   0.035       nan    9.1029     nan
    55.00   0.043       nan    9.3043     nan
    65.00   0.051       nan    9.4717     nan
    75.00   0.059       nan    9.6151     nan
    85.00   0.066       nan    9.7404     nan
    95.00   0.074       nan    9.8517     nan
   105.00   0.082       nan    9.9519     nan
   115.00   0.090       nan   10.0429     nan
   125.00   0.098       nan   10.1264     nan
   135.00   0.105       nan   10.2034     nan
   145.00   0.113       nan   10.2749     nan
   155.00   0.121       nan   10.3416     nan
   165.00   0.129       nan   10.4041     nan
   175.00   0.137       nan   10.4630     nan
   185.00   0.145       nan   10.5186     nan
   195.00   0.152       nan   10.5712     nan
   205.00   0.160       nan   10.6212     nan
   215.00   0.168       nan   10.6689     nan
   225.00   0.176       nan   10.7143     nan
   235.00   0.184       nan   10.7578     nan
   245.00   0.191       nan   10.7995     nan
   255.00   0.199       nan   10.8395     nan
   265.00   0.207       nan   10.8780     nan
   275.00   0.215       nan   10.9150     nan
   285.00   0.223       nan   10.9508     nan
   295.00   0.230       nan   10.9852     nan
   305.00   0.238       nan   11.0186     nan
   315.00   0.246       nan   11.0509     nan
   325.00   0.254       nan   11.0821     nan
   335.00   0.262       nan   11.1124     nan
   345.00   0.270       nan   11.1418     nan
   355.00   0.277       nan   11.1704     nan
   365.00   0.285       nan   11.1982     nan
   375.00   0.293       nan   11.2252     nan
   385.00   0.301       nan   11.2516     nan
   395.00   0.309       nan   11.2771     nan
   405.00   0.316       nan   11.3022     nan
   415.00   0.324       nan   11.3266     nan
   425.00   0.332       nan   11.3503     nan
   435.00   0.340       nan   11.3736     nan
   445.00   0.348       nan   11.3964     nan
   455.00   0.355       nan   11.4186     nan
   465.00   0.363       nan   11.4403     nan
   475.00   0.371       nan   11.4616     nan
   485.00   0.379       nan   11.4825     nan
   495.00   0.387       nan   11.5028     nan
   505.00   0.395       nan   11.5229     nan
   515.00   0.402       nan   11.5424     nan
   525.00   0.410       nan   11.5618     nan
   535.00   0.418       nan   11.5805     nan
   545.00   0.426       nan   11.5991     nan
   555.00   0.434       nan   11.6173     nan
   565.00   0.441       nan   11.6351     nan
   575.00   0.449       nan   11.6527     nan
   585.00   0.457       nan   11.6699     nan
   595.00   0.465       nan   11.6868     nan
   605.00   0.473       nan   11.7036     nan
   615.00   0.480       nan   11.7199     nan
   625.00   0.488       nan   11.7361     nan
   635.00   0.496       nan   11.7519     nan
   645.00   0.504       nan   11.7675     nan
   655.00   0.512       nan   11.7830     nan
   665.00   0.520       nan   11.7981     nan
   675.00   0.527       nan   11.8129     nan
   685.00   0.535       nan   11.8277     nan
   695.00   0.543       nan   11.8422     nan
   705.00   0.551       nan   11.8565     nan
   715.00   0.559       nan   11.8706     nan
   725.00   0.566       nan   11.8845     nan
   735.00   0.574       nan   11.8981     nan
   745.00   0.582       nan   11.9117     nan
   755.00   0.590       nan   11.9250     nan
   765.00   0.598       nan   11.9382     nan
   775.00   0.605       nan   11.9512     nan
   785.00   0.613       nan   11.9641     nan
   795.00   0.621       nan   11.9767     nan
   805.00   0.629       nan   11.9892     nan
   815.00   0.637       nan   12.0015     nan
   825.00   0.645       nan   12.0137     nan
   835.00   0.652       nan   12.0258     nan
   845.00   0.660       nan   12.0376     nan
   855.00   0.668       nan   12.0495     nan
   865.00   0.676       nan   12.0609     nan
   875.00   0.684       nan   12.0726     nan
   885.00   0.691       nan   12.0839     nan
   895.00   0.699       nan   12.0951     nan
   905.00   0.707       nan   12.1062     nan
   915.00   0.715       nan   12.1173     nan
   925.00   0.723       nan   12.1281     nan
   935.00   0.730       nan   12.1389     nan
   945.00   0.738       nan   12.1494     nan
   955.00   0.746       nan   12.1601     nan
   965.00   0.754       nan   12.1704     nan
   975.00   0.762       nan   12.1808     nan
   985.00   0.770       nan   12.1909     nan
   995.00   0.777       nan   12.2012     nan
  1005.00   0.785       nan   12.2110     nan
  1015.00   0.793       nan   12.2209     nan
  1025.00   0.801       nan   12.2309     nan
  1035.00   0.809       nan   12.2404     nan
  1045.00   0.816       nan   12.2500     nan
  1055.00   0.824       nan   12.2597     nan
  1065.00   0.832       nan   12.2690     nan
  1075.00   0.840       nan   12.2783     nan
  1085.00   0.848       nan   12.2877     nan
  1095.00   0.855       nan   12.2969     nan
  1105.00   0.863       nan   12.3059     nan
  1115.00   0.871       nan   12.3149     nan
  1125.00   0.879       nan   12.3238     nan
  1135.00   0.887       nan   12.3327     nan
  1145.00   0.895       nan   12.3415     nan
  1155.00   0.902       nan   12.3502     nan
  1165.00   0.910       nan   12.3587     nan
  1175.00   0.918       nan   12.3674     nan
  1185.00   0.926       nan   12.3758     nan
  1195.00   0.934       nan   12.3843     nan
  1205.00   0.941       nan   12.3926     nan
  1215.00   0.949       nan   12.4008     nan
  1225.00   0.957       nan   12.4090     nan
  1235.00   0.965       nan   12.4171     nan
  1245.00   0.973       nan   12.4253     nan
  1255.00   0.980       nan   12.4332     nan
  1265.00   0.988       nan   12.4411     nan
  1275.00   0.996       nan   12.4490     nan
Phi over 0.016 < z/H < 0.195: mean nan  min nan  max nan
step   16100  t  20921.1 s ( 6.54 T)  u*    nan (  nan of target)  U1    nan  Utop    nan  CFL   nan  div      nan   51.16 ms/step
step   16200  t  21051.0 s ( 6.58 T)  u*    nan (  nan of target)  U1    nan  Utop    nan  CFL   nan  div      nan   51.17 ms/step
step   16300  t  21180.9 s ( 6.62 T)  u*    nan (  nan of target)  U1    nan  Utop    nan  CFL   nan  div      nan   51.17 ms/step
step   16400  t  21310.8 s ( 6.66 T)  u*    nan (  nan of target)  U1    nan  Utop    nan  CFL   nan  div      nan   51.17 ms/step
step   16500  t  21440.7 s ( 6.70 T)  u*    nan (  nan of target)  U1    nan  Utop    nan  CFL   nan  div      nan   51.16 ms/step
step   16600  t  21570.5 s ( 6.74 T)  u*    nan (  nan of target)  U1    nan  Utop    nan  CFL   nan  div      nan   51.16 ms/step
step   16700  t  21700.4 s ( 6.78 T)  u*    nan (  nan of target)  U1    nan  Utop    nan  CFL   nan  div      nan   51.17 ms/step
step   16800  t  21830.3 s ( 6.82 T)  u*    nan (  nan of target)  U1    nan  Utop    nan  CFL   nan  div      nan   51.16 ms/step
step   16900  t  21960.2 s ( 6.86 T)  u*    nan (  nan of target)  U1    nan  Utop    nan  CFL   nan  div      nan   51.17 ms/step
step   17000  t  22090.1 s ( 6.90 T)  u*    nan (  nan of target)  U1    nan  Utop    nan  CFL   nan  div      nan   51.16 ms/step
step   17100  t  22220.0 s ( 6.94 T)  u*    nan (  nan of target)  U1    nan  Utop    nan  CFL   nan  div      nan   51.17 ms/step
step   17200  t  22349.8 s ( 6.98 T)  u*    nan (  nan of target)  U1    nan  Utop    nan  CFL   nan  div      nan   51.16 ms/step
step   17300  t  22479.7 s ( 7.02 T)  u*    nan (  nan of target)  U1    nan  Utop    nan  CFL   nan  div      nan   51.17 ms/step
step   17400  t  22609.6 s ( 7.07 T)  u*    nan (  nan of target)  U1    nan  Utop    nan  CFL   nan  div      nan   51.16 ms/step
step   17500  t  22739.5 s ( 7.11 T)  u*    nan (  nan of target)  U1    nan  Utop    nan  CFL   nan  div      nan   51.16 ms/step
step   17600  t  22869.4 s ( 7.15 T)  u*    nan (  nan of target)  U1    nan  Utop    nan  CFL   nan  div      nan   51.17 ms/step
step   17700  t  22999.2 s ( 7.19 T)  u*    nan (  nan of target)  U1    nan  Utop    nan  CFL   nan  div      nan   51.17 ms/step
step   17800  t  23129.1 s ( 7.23 T)  u*    nan (  nan of target)  U1    nan  Utop    nan  CFL   nan  div      nan   51.16 ms/step
step   17900  t  23259.0 s ( 7.27 T)  u*    nan (  nan of target)  U1    nan  Utop    nan  CFL   nan  div      nan   51.17 ms/step
step   18000  t  23388.9 s ( 7.31 T)  u*    nan (  nan of target)  U1    nan  Utop    nan  CFL   nan  div      nan   51.16 ms/step

instantaneous profile at step 18000
    z [m]     z/H   U [m/s]   log law     Phi
     5.00   0.004       nan    6.6009     nan
    15.00   0.012       nan    7.9872     nan
    25.00   0.020       nan    8.5104     nan
    35.00   0.027       nan    8.8502     nan
    45.00   0.035       nan    9.1029     nan
    55.00   0.043       nan    9.3043     nan
    65.00   0.051       nan    9.4717     nan
    75.00   0.059       nan    9.6151     nan
    85.00   0.066       nan    9.7404     nan
    95.00   0.074       nan    9.8517     nan
   105.00   0.082       nan    9.9519     nan
   115.00   0.090       nan   10.0429     nan
   125.00   0.098       nan   10.1264     nan
   135.00   0.105       nan   10.2034     nan
   145.00   0.113       nan   10.2749     nan
   155.00   0.121       nan   10.3416     nan
   165.00   0.129       nan   10.4041     nan
   175.00   0.137       nan   10.4630     nan
   185.00   0.145       nan   10.5186     nan
   195.00   0.152       nan   10.5712     nan
   205.00   0.160       nan   10.6212     nan
   215.00   0.168       nan   10.6689     nan
   225.00   0.176       nan   10.7143     nan
   235.00   0.184       nan   10.7578     nan
   245.00   0.191       nan   10.7995     nan
   255.00   0.199       nan   10.8395     nan
   265.00   0.207       nan   10.8780     nan
   275.00   0.215       nan   10.9150     nan
   285.00   0.223       nan   10.9508     nan
   295.00   0.230       nan   10.9852     nan
   305.00   0.238       nan   11.0186     nan
   315.00   0.246       nan   11.0509     nan
   325.00   0.254       nan   11.0821     nan
   335.00   0.262       nan   11.1124     nan
   345.00   0.270       nan   11.1418     nan
   355.00   0.277       nan   11.1704     nan
   365.00   0.285       nan   11.1982     nan
   375.00   0.293       nan   11.2252     nan
   385.00   0.301       nan   11.2516     nan
   395.00   0.309       nan   11.2771     nan
   405.00   0.316       nan   11.3022     nan
   415.00   0.324       nan   11.3266     nan
   425.00   0.332       nan   11.3503     nan
   435.00   0.340       nan   11.3736     nan
   445.00   0.348       nan   11.3964     nan
   455.00   0.355       nan   11.4186     nan
   465.00   0.363       nan   11.4403     nan
   475.00   0.371       nan   11.4616     nan
   485.00   0.379       nan   11.4825     nan
   495.00   0.387       nan   11.5028     nan
   505.00   0.395       nan   11.5229     nan
   515.00   0.402       nan   11.5424     nan
   525.00   0.410       nan   11.5618     nan
   535.00   0.418       nan   11.5805     nan
   545.00   0.426       nan   11.5991     nan
   555.00   0.434       nan   11.6173     nan
   565.00   0.441       nan   11.6351     nan
   575.00   0.449       nan   11.6527     nan
   585.00   0.457       nan   11.6699     nan
   595.00   0.465       nan   11.6868     nan
   605.00   0.473       nan   11.7036     nan
   615.00   0.480       nan   11.7199     nan
   625.00   0.488       nan   11.7361     nan
   635.00   0.496       nan   11.7519     nan
   645.00   0.504       nan   11.7675     nan
   655.00   0.512       nan   11.7830     nan
   665.00   0.520       nan   11.7981     nan
   675.00   0.527       nan   11.8129     nan
   685.00   0.535       nan   11.8277     nan
   695.00   0.543       nan   11.8422     nan
   705.00   0.551       nan   11.8565     nan
   715.00   0.559       nan   11.8706     nan
   725.00   0.566       nan   11.8845     nan
   735.00   0.574       nan   11.8981     nan
   745.00   0.582       nan   11.9117     nan
   755.00   0.590       nan   11.9250     nan
   765.00   0.598       nan   11.9382     nan
   775.00   0.605       nan   11.9512     nan
   785.00   0.613       nan   11.9641     nan
   795.00   0.621       nan   11.9767     nan
   805.00   0.629       nan   11.9892     nan
   815.00   0.637       nan   12.0015     nan
   825.00   0.645       nan   12.0137     nan
   835.00   0.652       nan   12.0258     nan
   845.00   0.660       nan   12.0376     nan
   855.00   0.668       nan   12.0495     nan
   865.00   0.676       nan   12.0609     nan
   875.00   0.684       nan   12.0726     nan
   885.00   0.691       nan   12.0839     nan
   895.00   0.699       nan   12.0951     nan
   905.00   0.707       nan   12.1062     nan
   915.00   0.715       nan   12.1173     nan
   925.00   0.723       nan   12.1281     nan
   935.00   0.730       nan   12.1389     nan
   945.00   0.738       nan   12.1494     nan
   955.00   0.746       nan   12.1601     nan
   965.00   0.754       nan   12.1704     nan
   975.00   0.762       nan   12.1808     nan
   985.00   0.770       nan   12.1909     nan
   995.00   0.777       nan   12.2012     nan
  1005.00   0.785       nan   12.2110     nan
  1015.00   0.793       nan   12.2209     nan
  1025.00   0.801       nan   12.2309     nan
  1035.00   0.809       nan   12.2404     nan
  1045.00   0.816       nan   12.2500     nan
  1055.00   0.824       nan   12.2597     nan
  1065.00   0.832       nan   12.2690     nan
  1075.00   0.840       nan   12.2783     nan
  1085.00   0.848       nan   12.2877     nan
  1095.00   0.855       nan   12.2969     nan
  1105.00   0.863       nan   12.3059     nan
  1115.00   0.871       nan   12.3149     nan
  1125.00   0.879       nan   12.3238     nan
  1135.00   0.887       nan   12.3327     nan
  1145.00   0.895       nan   12.3415     nan
  1155.00   0.902       nan   12.3502     nan
  1165.00   0.910       nan   12.3587     nan
  1175.00   0.918       nan   12.3674     nan
  1185.00   0.926       nan   12.3758     nan
  1195.00   0.934       nan   12.3843     nan
  1205.00   0.941       nan   12.3926     nan
  1215.00   0.949       nan   12.4008     nan
  1225.00   0.957       nan   12.4090     nan
  1235.00   0.965       nan   12.4171     nan
  1245.00   0.973       nan   12.4253     nan
  1255.00   0.980       nan   12.4332     nan
  1265.00   0.988       nan   12.4411     nan
  1275.00   0.996       nan   12.4490     nan
Phi over 0.016 < z/H < 0.195: mean nan  min nan  max nan
step   18100  t  23518.8 s ( 7.35 T)  u*    nan (  nan of target)  U1    nan  Utop    nan  CFL   nan  div      nan   51.17 ms/step
step   18200  t  23648.7 s ( 7.39 T)  u*    nan (  nan of target)  U1    nan  Utop    nan  CFL   nan  div      nan   51.16 ms/step
step   18300  t  23778.5 s ( 7.43 T)  u*    nan (  nan of target)  U1    nan  Utop    nan  CFL   nan  div      nan   51.17 ms/step
step   18400  t  23908.4 s ( 7.47 T)  u*    nan (  nan of target)  U1    nan  Utop    nan  CFL   nan  div      nan   51.16 ms/step
step   18500  t  24038.3 s ( 7.51 T)  u*    nan (  nan of target)  U1    nan  Utop    nan  CFL   nan  div      nan   51.17 ms/step
step   18600  t  24168.2 s ( 7.55 T)  u*    nan (  nan of target)  U1    nan  Utop    nan  CFL   nan  div      nan   51.16 ms/step
step   18700  t  24298.1 s ( 7.59 T)  u*    nan (  nan of target)  U1    nan  Utop    nan  CFL   nan  div      nan   51.17 ms/step
step   18800  t  24428.0 s ( 7.63 T)  u*    nan (  nan of target)  U1    nan  Utop    nan  CFL   nan  div      nan   51.16 ms/step
step   18900  t  24557.8 s ( 7.67 T)  u*    nan (  nan of target)  U1    nan  Utop    nan  CFL   nan  div      nan   51.17 ms/step
step   19000  t  24687.7 s ( 7.71 T)  u*    nan (  nan of target)  U1    nan  Utop    nan  CFL   nan  div      nan   51.17 ms/step
step   19100  t  24817.6 s ( 7.76 T)  u*    nan (  nan of target)  U1    nan  Utop    nan  CFL   nan  div      nan   51.17 ms/step
step   19200  t  24947.5 s ( 7.80 T)  u*    nan (  nan of target)  U1    nan  Utop    nan  CFL   nan  div      nan   51.17 ms/step
step   19300  t  25077.4 s ( 7.84 T)  u*    nan (  nan of target)  U1    nan  Utop    nan  CFL   nan  div      nan   51.17 ms/step
step   19400  t  25207.3 s ( 7.88 T)  u*    nan (  nan of target)  U1    nan  Utop    nan  CFL   nan  div      nan   51.17 ms/step
step   19500  t  25337.1 s ( 7.92 T)  u*    nan (  nan of target)  U1    nan  Utop    nan  CFL   nan  div      nan   51.17 ms/step
step   19600  t  25467.0 s ( 7.96 T)  u*    nan (  nan of target)  U1    nan  Utop    nan  CFL   nan  div      nan   51.16 ms/step
step   19700  t  25596.9 s ( 8.00 T)  u*    nan (  nan of target)  U1    nan  Utop    nan  CFL   nan  div      nan   51.17 ms/step
step   19800  t  25726.8 s ( 8.04 T)  u*    nan (  nan of target)  U1    nan  Utop    nan  CFL   nan  div      nan   51.16 ms/step
step   19900  t  25856.7 s ( 8.08 T)  u*    nan (  nan of target)  U1    nan  Utop    nan  CFL   nan  div      nan   51.17 ms/step
step   20000  t  25986.6 s ( 8.12 T)  u*    nan (  nan of target)  U1    nan  Utop    nan  CFL   nan  div      nan   51.16 ms/step

instantaneous profile at step 20000
    z [m]     z/H   U [m/s]   log law     Phi
     5.00   0.004       nan    6.6009     nan
    15.00   0.012       nan    7.9872     nan
    25.00   0.020       nan    8.5104     nan
    35.00   0.027       nan    8.8502     nan
    45.00   0.035       nan    9.1029     nan
    55.00   0.043       nan    9.3043     nan
    65.00   0.051       nan    9.4717     nan
    75.00   0.059       nan    9.6151     nan
    85.00   0.066       nan    9.7404     nan
    95.00   0.074       nan    9.8517     nan
   105.00   0.082       nan    9.9519     nan
   115.00   0.090       nan   10.0429     nan
   125.00   0.098       nan   10.1264     nan
   135.00   0.105       nan   10.2034     nan
   145.00   0.113       nan   10.2749     nan
   155.00   0.121       nan   10.3416     nan
   165.00   0.129       nan   10.4041     nan
   175.00   0.137       nan   10.4630     nan
   185.00   0.145       nan   10.5186     nan
   195.00   0.152       nan   10.5712     nan
   205.00   0.160       nan   10.6212     nan
   215.00   0.168       nan   10.6689     nan
   225.00   0.176       nan   10.7143     nan
   235.00   0.184       nan   10.7578     nan
   245.00   0.191       nan   10.7995     nan
   255.00   0.199       nan   10.8395     nan
   265.00   0.207       nan   10.8780     nan
   275.00   0.215       nan   10.9150     nan
   285.00   0.223       nan   10.9508     nan
   295.00   0.230       nan   10.9852     nan
   305.00   0.238       nan   11.0186     nan
   315.00   0.246       nan   11.0509     nan
   325.00   0.254       nan   11.0821     nan
   335.00   0.262       nan   11.1124     nan
   345.00   0.270       nan   11.1418     nan
   355.00   0.277       nan   11.1704     nan
   365.00   0.285       nan   11.1982     nan
   375.00   0.293       nan   11.2252     nan
   385.00   0.301       nan   11.2516     nan
   395.00   0.309       nan   11.2771     nan
   405.00   0.316       nan   11.3022     nan
   415.00   0.324       nan   11.3266     nan
   425.00   0.332       nan   11.3503     nan
   435.00   0.340       nan   11.3736     nan
   445.00   0.348       nan   11.3964     nan
   455.00   0.355       nan   11.4186     nan
   465.00   0.363       nan   11.4403     nan
   475.00   0.371       nan   11.4616     nan
   485.00   0.379       nan   11.4825     nan
   495.00   0.387       nan   11.5028     nan
   505.00   0.395       nan   11.5229     nan
   515.00   0.402       nan   11.5424     nan
   525.00   0.410       nan   11.5618     nan
   535.00   0.418       nan   11.5805     nan
   545.00   0.426       nan   11.5991     nan
   555.00   0.434       nan   11.6173     nan
   565.00   0.441       nan   11.6351     nan
   575.00   0.449       nan   11.6527     nan
   585.00   0.457       nan   11.6699     nan
   595.00   0.465       nan   11.6868     nan
   605.00   0.473       nan   11.7036     nan
   615.00   0.480       nan   11.7199     nan
   625.00   0.488       nan   11.7361     nan
   635.00   0.496       nan   11.7519     nan
   645.00   0.504       nan   11.7675     nan
   655.00   0.512       nan   11.7830     nan
   665.00   0.520       nan   11.7981     nan
   675.00   0.527       nan   11.8129     nan
   685.00   0.535       nan   11.8277     nan
   695.00   0.543       nan   11.8422     nan
   705.00   0.551       nan   11.8565     nan
   715.00   0.559       nan   11.8706     nan
   725.00   0.566       nan   11.8845     nan
   735.00   0.574       nan   11.8981     nan
   745.00   0.582       nan   11.9117     nan
   755.00   0.590       nan   11.9250     nan
   765.00   0.598       nan   11.9382     nan
   775.00   0.605       nan   11.9512     nan
   785.00   0.613       nan   11.9641     nan
   795.00   0.621       nan   11.9767     nan
   805.00   0.629       nan   11.9892     nan
   815.00   0.637       nan   12.0015     nan
   825.00   0.645       nan   12.0137     nan
   835.00   0.652       nan   12.0258     nan
   845.00   0.660       nan   12.0376     nan
   855.00   0.668       nan   12.0495     nan
   865.00   0.676       nan   12.0609     nan
   875.00   0.684       nan   12.0726     nan
   885.00   0.691       nan   12.0839     nan
   895.00   0.699       nan   12.0951     nan
   905.00   0.707       nan   12.1062     nan
   915.00   0.715       nan   12.1173     nan
   925.00   0.723       nan   12.1281     nan
   935.00   0.730       nan   12.1389     nan
   945.00   0.738       nan   12.1494     nan
   955.00   0.746       nan   12.1601     nan
   965.00   0.754       nan   12.1704     nan
   975.00   0.762       nan   12.1808     nan
   985.00   0.770       nan   12.1909     nan
   995.00   0.777       nan   12.2012     nan
  1005.00   0.785       nan   12.2110     nan
  1015.00   0.793       nan   12.2209     nan
  1025.00   0.801       nan   12.2309     nan
  1035.00   0.809       nan   12.2404     nan
  1045.00   0.816       nan   12.2500     nan
  1055.00   0.824       nan   12.2597     nan
  1065.00   0.832       nan   12.2690     nan
  1075.00   0.840       nan   12.2783     nan
  1085.00   0.848       nan   12.2877     nan
  1095.00   0.855       nan   12.2969     nan
  1105.00   0.863       nan   12.3059     nan
  1115.00   0.871       nan   12.3149     nan
  1125.00   0.879       nan   12.3238     nan
  1135.00   0.887       nan   12.3327     nan
  1145.00   0.895       nan   12.3415     nan
  1155.00   0.902       nan   12.3502     nan
  1165.00   0.910       nan   12.3587     nan
  1175.00   0.918       nan   12.3674     nan
  1185.00   0.926       nan   12.3758     nan
  1195.00   0.934       nan   12.3843     nan
  1205.00   0.941       nan   12.3926     nan
  1215.00   0.949       nan   12.4008     nan
  1225.00   0.957       nan   12.4090     nan
  1235.00   0.965       nan   12.4171     nan
  1245.00   0.973       nan   12.4253     nan
  1255.00   0.980       nan   12.4332     nan
  1265.00   0.988       nan   12.4411     nan
  1275.00   0.996       nan   12.4490     nan
Phi over 0.016 < z/H < 0.195: mean nan  min nan  max nan

time-averaged over 100 samples (final diagnosed u* nan, target 0.4)
    z [m]     z/H   U [m/s]   log law     Phi
     5.00   0.004       nan    6.6009     nan
    15.00   0.012       nan    7.9872     nan
    25.00   0.020       nan    8.5104     nan
    35.00   0.027       nan    8.8502     nan
    45.00   0.035       nan    9.1029     nan
    55.00   0.043       nan    9.3043     nan
    65.00   0.051       nan    9.4717     nan
    75.00   0.059       nan    9.6151     nan
    85.00   0.066       nan    9.7404     nan
    95.00   0.074       nan    9.8517     nan
   105.00   0.082       nan    9.9519     nan
   115.00   0.090       nan   10.0429     nan
   125.00   0.098       nan   10.1264     nan
   135.00   0.105       nan   10.2034     nan
   145.00   0.113       nan   10.2749     nan
   155.00   0.121       nan   10.3416     nan
   165.00   0.129       nan   10.4041     nan
   175.00   0.137       nan   10.4630     nan
   185.00   0.145       nan   10.5186     nan
   195.00   0.152       nan   10.5712     nan
   205.00   0.160       nan   10.6212     nan
   215.00   0.168       nan   10.6689     nan
   225.00   0.176       nan   10.7143     nan
   235.00   0.184       nan   10.7578     nan
   245.00   0.191       nan   10.7995     nan
   255.00   0.199       nan   10.8395     nan
   265.00   0.207       nan   10.8780     nan
   275.00   0.215       nan   10.9150     nan
   285.00   0.223       nan   10.9508     nan
   295.00   0.230       nan   10.9852     nan
   305.00   0.238       nan   11.0186     nan
   315.00   0.246       nan   11.0509     nan
   325.00   0.254       nan   11.0821     nan
   335.00   0.262       nan   11.1124     nan
   345.00   0.270       nan   11.1418     nan
   355.00   0.277       nan   11.1704     nan
   365.00   0.285       nan   11.1982     nan
   375.00   0.293       nan   11.2252     nan
   385.00   0.301       nan   11.2516     nan
   395.00   0.309       nan   11.2771     nan
   405.00   0.316       nan   11.3022     nan
   415.00   0.324       nan   11.3266     nan
   425.00   0.332       nan   11.3503     nan
   435.00   0.340       nan   11.3736     nan
   445.00   0.348       nan   11.3964     nan
   455.00   0.355       nan   11.4186     nan
   465.00   0.363       nan   11.4403     nan
   475.00   0.371       nan   11.4616     nan
   485.00   0.379       nan   11.4825     nan
   495.00   0.387       nan   11.5028     nan
   505.00   0.395       nan   11.5229     nan
   515.00   0.402       nan   11.5424     nan
   525.00   0.410       nan   11.5618     nan
   535.00   0.418       nan   11.5805     nan
   545.00   0.426       nan   11.5991     nan
   555.00   0.434       nan   11.6173     nan
   565.00   0.441       nan   11.6351     nan
   575.00   0.449       nan   11.6527     nan
   585.00   0.457       nan   11.6699     nan
   595.00   0.465       nan   11.6868     nan
   605.00   0.473       nan   11.7036     nan
   615.00   0.480       nan   11.7199     nan
   625.00   0.488       nan   11.7361     nan
   635.00   0.496       nan   11.7519     nan
   645.00   0.504       nan   11.7675     nan
   655.00   0.512       nan   11.7830     nan
   665.00   0.520       nan   11.7981     nan
   675.00   0.527       nan   11.8129     nan
   685.00   0.535       nan   11.8277     nan
   695.00   0.543       nan   11.8422     nan
   705.00   0.551       nan   11.8565     nan
   715.00   0.559       nan   11.8706     nan
   725.00   0.566       nan   11.8845     nan
   735.00   0.574       nan   11.8981     nan
   745.00   0.582       nan   11.9117     nan
   755.00   0.590       nan   11.9250     nan
   765.00   0.598       nan   11.9382     nan
   775.00   0.605       nan   11.9512     nan
   785.00   0.613       nan   11.9641     nan
   795.00   0.621       nan   11.9767     nan
   805.00   0.629       nan   11.9892     nan
   815.00   0.637       nan   12.0015     nan
   825.00   0.645       nan   12.0137     nan
   835.00   0.652       nan   12.0258     nan
   845.00   0.660       nan   12.0376     nan
   855.00   0.668       nan   12.0495     nan
   865.00   0.676       nan   12.0609     nan
   875.00   0.684       nan   12.0726     nan
   885.00   0.691       nan   12.0839     nan
   895.00   0.699       nan   12.0951     nan
   905.00   0.707       nan   12.1062     nan
   915.00   0.715       nan   12.1173     nan
   925.00   0.723       nan   12.1281     nan
   935.00   0.730       nan   12.1389     nan
   945.00   0.738       nan   12.1494     nan
   955.00   0.746       nan   12.1601     nan
   965.00   0.754       nan   12.1704     nan
   975.00   0.762       nan   12.1808     nan
   985.00   0.770       nan   12.1909     nan
   995.00   0.777       nan   12.2012     nan
  1005.00   0.785       nan   12.2110     nan
  1015.00   0.793       nan   12.2209     nan
  1025.00   0.801       nan   12.2309     nan
  1035.00   0.809       nan   12.2404     nan
  1045.00   0.816       nan   12.2500     nan
  1055.00   0.824       nan   12.2597     nan
  1065.00   0.832       nan   12.2690     nan
  1075.00   0.840       nan   12.2783     nan
  1085.00   0.848       nan   12.2877     nan
  1095.00   0.855       nan   12.2969     nan
  1105.00   0.863       nan   12.3059     nan
  1115.00   0.871       nan   12.3149     nan
  1125.00   0.879       nan   12.3238     nan
  1135.00   0.887       nan   12.3327     nan
  1145.00   0.895       nan   12.3415     nan
  1155.00   0.902       nan   12.3502     nan
  1165.00   0.910       nan   12.3587     nan
  1175.00   0.918       nan   12.3674     nan
  1185.00   0.926       nan   12.3758     nan
  1195.00   0.934       nan   12.3843     nan
  1205.00   0.941       nan   12.3926     nan
  1215.00   0.949       nan   12.4008     nan
  1225.00   0.957       nan   12.4090     nan
  1235.00   0.965       nan   12.4171     nan
  1245.00   0.973       nan   12.4253     nan
  1255.00   0.980       nan   12.4332     nan
  1265.00   0.988       nan   12.4411     nan
  1275.00   0.996       nan   12.4490     nan
Phi over 0.016 < z/H < 0.195: mean nan  min nan  max nan
wrote outputs/fv_neutral_abl_512x512x128_fast_rk3_29878809/loglaw_velocity_profile.png
                                  
================================= 
Global information about the job: 
================================= 
  
Job owner: limo(1954)
Job name:  fv-neut-512x128
Node list: ravg1114
Job start: Thu Sep  3 05:47:51 CEST 2026
Job end:   Thu Sep  3 06:20:48 CEST 2026
Work dir:  /raven/u/limo/JAX-Wind
Command:   /raven/u/limo/JAX-Wind/tools/submit_fv_neutral_abl_512x512x128.sh
  
  
  
==========================================================================================
Information on jobsteps (Note: MaxRSS/AveRSS is the maximum/average over all 
tasks of the per-task memory high-water marks; cf. "man sacct"): 
==========================================================================================
  
JobID            JobName NNodes NTasks  NCPUS       MaxRSS       AveRSS    Elapsed ExitCode
------------- ---------- ------ ------ ------ ------------ ------------ ---------- --------
29878809      fv-neut-51      1            16                             00:32:57      0:0
29878809.0        python      1      1     16     3707.30M     3707.30M   00:32:53      0:0
  
Maximum memory per node: 3.887391 GB (defined as MaxRSS*Ntasks/NNodes)
CPU utilization: 12.3 %
  
