/raven/u/limo/venvs/numba_cuda_waterboa/lib/python3.13/site-packages/jax/_src/interpreters/mlir.py:1220: UserWarning: A large amount of constants were captured during lowering (4.23GB total). If this is intentional, disable this warning by setting JAX_CAPTURED_CONSTANTS_WARN_BYTES=-1. To obtain a report of where these constants were encountered, set JAX_CAPTURED_CONSTANTS_REPORT_FRAMES=-1.
  warnings.warn(message)
W0909 20:45:02.498564   48814 hlo_rematerialization.cc:3233] Can't reduce memory use below 19.58GiB (21026325797 bytes) by rematerialization; only reduced to 35.33GiB (37934218108 bytes), down from 40.40GiB (43376940356 bytes) originally
W0909 20:45:39.458990   48814 bfc_allocator.cc:502] Allocator (GPU_0_bfc) ran out of memory trying to allocate 19.40GiB (rounded to 20834702592)requested by op 
If the cause is memory fragmentation maybe the environment variable 'TF_GPU_ALLOCATOR=cuda_malloc_async' will improve the situation. 
Current allocation summary follows.
Current allocation summary follows.
W0909 20:45:39.459554   48814 bfc_allocator.cc:513] *****************************________________****************************************_****_*********
Traceback (most recent call last):
  File "<frozen runpy>", line 198, in _run_module_as_main
  File "<frozen runpy>", line 88, in _run_code
  File "/raven/u/limo/JAX-Wind/src/jaxwind/__main__.py", line 4, in <module>
    raise SystemExit(main())
                     ~~~~^^
  File "/raven/u/limo/JAX-Wind/src/jaxwind/cli/main.py", line 55, in main
    result = run(arguments.case, output=arguments.output, max_steps=arguments.max_steps)
  File "/raven/u/limo/JAX-Wind/src/jaxwind/runtime/engine.py", line 93, in run
    jax.block_until_ready(state)
    ~~~~~~~~~~~~~~~~~~~~~^^^^^^^
  File "/raven/u/limo/venvs/numba_cuda_waterboa/lib/python3.13/site-packages/jax/_src/api.py", line 2584, in block_until_ready
    xc.batched_block_until_ready(arrays)
    ~~~~~~~~~~~~~~~~~~~~~~~~~~~~^^^^^^^^
jax.errors.JaxRuntimeError: RESOURCE_EXHAUSTED: Out of memory while trying to allocate 19.40GiB.
