E0909 21:54:22.820130   63558 slow_operation_alarm.cc:73] 
********************************
[Compiling module jit_advance for GPU] Very slow compile? If you want to file a bug, run with envvar XLA_FLAGS=--xla_dump_to=/tmp/foo and attach the results.
********************************
E0909 21:54:35.559250   63508 slow_operation_alarm.cc:140] The operation took 2m12.739201465s

********************************
[Compiling module jit_advance for GPU] Very slow compile? If you want to file a bug, run with envvar XLA_FLAGS=--xla_dump_to=/tmp/foo and attach the results.
********************************
step=4 time=0.004s CFL=0.001373 dt=0.001s
step=8 time=0.008s CFL=0.009148 dt=0.001s
step=12 time=0.012s CFL=0.01951 dt=0.001s
step=16 time=0.016s CFL=0.04048 dt=0.001s
step=20 time=0.02s CFL=0.07396 dt=0.001s
step=24 time=0.0251076s CFL=0.1549 dt=0.00127505s
step=28 time=0.0292s CFL=0.158 dt=0.00109683s
step=32 time=0.0329591s CFL=0.1565 dt=0.00103696s
step=36 time=0.036717s CFL=0.1472 dt=0.0010415s
step=40 time=0.0405544s CFL=0.1711 dt=0.00104046s
step=44 time=0.0441988s CFL=0.174 dt=0.00100899s
step=48 time=0.0478391s CFL=0.1799 dt=0.0010171s
step=51 time=0.05s CFL=0.05674 dt=0.000319559s
step=55 time=0.0523031s CFL=0.1344 dt=0.000780174s
step=59 time=0.0560664s CFL=0.1561 dt=0.000842412s
step=63 time=0.0599734s CFL=0.1584 dt=0.00088547s
step=67 time=0.063981s CFL=0.1616 dt=0.000906773s
step=71 time=0.0680597s CFL=0.164 dt=0.00092222s
step=75 time=0.0723018s CFL=0.1719 dt=0.000962107s
step=79 time=0.0765992s CFL=0.1675 dt=0.000972788s
step=83 time=0.0809669s CFL=0.1684 dt=0.000973724s
step=87 time=0.0853901s CFL=0.17 dt=0.000990641s
step=91 time=0.0898912s CFL=0.1721 dt=0.00101071s
step=95 time=0.0944848s CFL=0.1769 dt=0.00103535s
step=99 time=0.0991841s CFL=0.1797 dt=0.00105811s
step=100 time=0.1s CFL=0.1358 dt=0.000815876s
step=104 time=0.10465s CFL=0.228 dt=0.00130843s
step=108 time=0.109664s CFL=0.2339 dt=0.00143249s
step=112 time=0.114945s CFL=0.2388 dt=0.00147842s
step=116 time=0.120444s CFL=0.246 dt=0.00154339s
step=120 time=0.12624s CFL=0.2575 dt=0.00163263s
step=124 time=0.132378s CFL=0.2676 dt=0.00172984s
step=128 time=0.138896s CFL=0.276 dt=0.00183926s
step=132 time=0.145869s CFL=0.294 dt=0.00197184s
step=135 time=0.15s CFL=0.07338 dt=0.000475094s
step=139 time=0.153424s CFL=0.1997 dt=0.0011599s
step=143 time=0.16046s CFL=0.4385 dt=0.00180654s
step=147 time=0.168908s CFL=0.4961 dt=0.00207615s
step=151 time=0.177369s CFL=0.4377 dt=0.00199648s
step=155 time=0.185824s CFL=0.4244 dt=0.001973s
step=159 time=0.19462s CFL=0.4446 dt=0.0021126s
step=162 time=0.2s CFL=0.1519 dt=0.00072208s
step=166 time=0.205204s CFL=0.2734 dt=0.00176289s
step=170 time=0.214666s CFL=0.4455 dt=0.00238797s
step=174 time=0.224014s CFL=0.3947 dt=0.00239124s
step=178 time=0.233359s CFL=0.4239 dt=0.00242031s
step=182 time=0.243143s CFL=0.47 dt=0.00251972s
step=185 time=0.25s CFL=0.4641 dt=0.00231238s
step=189 time=0.259833s CFL=0.4833 dt=0.00253397s
step=193 time=0.269179s CFL=0.5618 dt=0.00257658s
step=197 time=0.277877s CFL=0.4388 dt=0.00198704s
step=201 time=0.287954s CFL=0.5244 dt=0.00253086s
step=205 time=0.298166s CFL=0.5063 dt=0.00250878s
step=206 time=0.3s CFL=0.3702 dt=0.00183427s
step=210 time=0.310073s CFL=0.5372 dt=0.00257635s
step=214 time=0.321083s CFL=0.5338 dt=0.00267569s
step=218 time=0.332262s CFL=0.5433 dt=0.00275246s
step=222 time=0.34294s CFL=0.5067 dt=0.00263429s
step=225 time=0.35s CFL=0.3481 dt=0.0018467s
step=229 time=0.360382s CFL=0.4764 dt=0.00273405s
step=233 time=0.371479s CFL=0.4912 dt=0.00287385s
step=237 time=0.382639s CFL=0.4606 dt=0.00274651s
step=241 time=0.39349s CFL=0.436 dt=0.00269795s
step=244 time=0.4s CFL=0.2685 dt=0.00119412s
step=248 time=0.408492s CFL=0.5504 dt=0.00280106s
step=252 time=0.420209s CFL=0.5234 dt=0.00298834s
step=256 time=0.431337s CFL=0.4772 dt=0.00286172s
step=260 time=0.442095s CFL=0.4504 dt=0.00277184s
step=263 time=0.45s CFL=0.4486 dt=0.00272954s
step=267 time=0.46099s CFL=0.5045 dt=0.00304761s
step=271 time=0.472139s CFL=0.4952 dt=0.00296606s
step=275 time=0.483191s CFL=0.4925 dt=0.00289113s
step=279 time=0.494182s CFL=0.494 dt=0.0028309s
step=282 time=0.5s CFL=0.06886 dt=0.000298828s
step=286 time=0.502154s CFL=0.1057 dt=0.00072956s
step=290 time=0.507412s CFL=0.341 dt=0.00178115s
step=294 time=0.517823s CFL=0.6 dt=0.00281902s
step=298 time=0.529083s CFL=0.6 dt=0.0028379s
step=302 time=0.540405s CFL=0.6 dt=0.00288474s
step=306 time=0.55s CFL=0.28 dt=0.00130999s
step=310 time=0.558873s CFL=0.6 dt=0.00263004s
step=314 time=0.569984s CFL=0.5948 dt=0.00272177s
step=318 time=0.580701s CFL=0.6 dt=0.00276387s
step=322 time=0.591542s CFL=0.6 dt=0.002747s
step=326 time=0.6s CFL=0.06547 dt=0.000302434s
step=330 time=0.60218s CFL=0.1158 dt=0.000738364s
step=334 time=0.607501s CFL=0.3559 dt=0.00180265s
step=338 time=0.617611s CFL=0.6 dt=0.00266158s
step=342 time=0.628787s CFL=0.6 dt=0.0028652s
step=346 time=0.640027s CFL=0.6 dt=0.0028595s
step=350 time=0.65s CFL=0.3362 dt=0.00160295s
step=354 time=0.660325s CFL=0.6 dt=0.0029432s
step=358 time=0.671368s CFL=0.6 dt=0.00281156s
step=362 time=0.683034s CFL=0.6 dt=0.00298508s
step=366 time=0.694448s CFL=0.4068 dt=0.00224956s
step=369 time=0.7s CFL=0.2459 dt=0.00137413s
step=373 time=0.708451s CFL=0.4694 dt=0.00254794s
step=377 time=0.715584s CFL=0.3499 dt=0.00204154s
step=381 time=0.722691s CFL=0.3516 dt=0.00199241s
step=385 time=0.729927s CFL=0.3487 dt=0.00199241s
step=389 time=0.73683s CFL=0.3296 dt=0.00190045s
step=393 time=0.743164s CFL=0.2987 dt=0.00170866s
step=397 time=0.748917s CFL=0.2734 dt=0.00156372s
step=398 time=0.75s CFL=0.1889 dt=0.00108254s
step=402 time=0.755167s CFL=0.1989 dt=0.00112455s
step=406 time=0.760168s CFL=0.1929 dt=0.00108737s
step=410 time=0.764946s CFL=0.1835 dt=0.00103588s
step=414 time=0.769532s CFL=0.1795 dt=0.0010041s
step=418 time=0.774016s CFL=0.1804 dt=0.00099376s
step=422 time=0.778536s CFL=0.185 dt=0.00101826s
step=426 time=0.783229s CFL=0.1944 dt=0.00107276s
step=430 time=0.788258s CFL=0.2117 dt=0.00118067s
step=434 time=0.793469s CFL=0.2035 dt=0.00114471s
step=438 time=0.798523s CFL=0.2003 dt=0.00111171s
step=440 time=0.8s CFL=0.01569 dt=8.73804e-05s
step=444 time=0.80063s CFL=0.03532 dt=0.000213331s
step=448 time=0.802167s CFL=0.09016 dt=0.000520828s
step=452 time=0.805921s CFL=0.2912 dt=0.00127155s
step=456 time=0.812029s CFL=0.2677 dt=0.0015077s
step=460 time=0.81757s CFL=0.2722 dt=0.00163581s
step=464 time=0.824762s CFL=0.5213 dt=0.00204959s
step=468 time=0.830434s CFL=0.3564 dt=0.00167134s
step=472 time=0.83626s CFL=0.3615 dt=0.00163393s
step=476 time=0.842536s CFL=0.3983 dt=0.00178981s
step=480 time=0.849686s CFL=0.4568 dt=0.00205222s
step=481 time=0.85s CFL=0.06903 dt=0.000314057s
step=485 time=0.852263s CFL=0.1772 dt=0.00076674s
step=489 time=0.857762s CFL=0.4023 dt=0.00184438s
step=493 time=0.866113s CFL=0.4236 dt=0.00197804s
step=497 time=0.874988s CFL=0.4683 dt=0.00216805s
step=501 time=0.884411s CFL=0.4848 dt=0.00226661s
step=505 time=0.893952s CFL=0.5155 dt=0.00237312s
step=508 time=0.9s CFL=0.2818 dt=0.00159979s
step=512 time=0.908938s CFL=0.4271 dt=0.00207767s
step=516 time=0.918809s CFL=0.4377 dt=0.00204097s
step=520 time=0.928562s CFL=0.4573 dt=0.00200589s
step=524 time=0.93839s CFL=0.4756 dt=0.00204385s
step=528 time=0.948321s CFL=0.5012 dt=0.00208234s
step=529 time=0.95s CFL=0.2987 dt=0.00167924s
step=533 time=0.959783s CFL=0.524 dt=0.00279008s
step=537 time=0.970062s CFL=0.5134 dt=0.00272698s
step=541 time=0.980131s CFL=0.491 dt=0.00260172s
step=545 time=0.990187s CFL=0.5028 dt=0.0026821s
step=549 time=1s CFL=0.4452 dt=0.00241119s
{'schema': 'jaxwind.run.v1', 'status': 'complete', 'formulation': 'cryogenic-low-mach', 'step': 549, 'time_seconds': 1.0, 'target_step': 100, 'target_time_seconds': 1.0, 'final_cfl': 0.44516614079475403, 'elapsed_seconds': 442.1029778760567, 'steady_steps_per_second': 3.009239367702539, 'checkpoint': '/raven/u/limo/JAX-Wind/outputs/hitsz_ln2_jet/two_outlets_512x128x256_adaptive_cfl0p6_interactive_30104293/checkpoint.npz'}
