                                  
================================= 
Global information about the job: 
================================= 
  
Job owner: limo(1954)
Job name:  hitsz-jet-1024
Node list: ravg1018
Job start: Wed Sep  9 20:25:04 CEST 2026
Job end:   Wed Sep  9 20:34:36 CEST 2026
Work dir:  /raven/u/limo/JAX-Wind
Command:   /raven/u/limo/JAX-Wind/tools/submit_hitsz_jet_two_outlets.sh
  
  
  
==========================================================================================
Information on jobsteps (Note: MaxRSS/AveRSS is the maximum/average over all 
tasks of the per-task memory high-water marks; cf. "man sacct"): 
==========================================================================================
  
JobID            JobName NNodes NTasks  NCPUS       MaxRSS       AveRSS    Elapsed ExitCode
------------- ---------- ------ ------ ------ ------------ ------------ ---------- --------
30106437      hitsz-jet-      1            36                             00:09:32      1:0
30106437.0        python      1      1     36    38023.49M    38023.49M   00:09:30      1:0
  
Maximum memory per node: 39.870517 GB (defined as MaxRSS*Ntasks/NNodes)
CPU utilization: 4.6 %
  
