Generating Mann box [4096, 64, 128]; advection=3.3108 m/s, period=115.984 s
Measured mean/TI profiles calibrated; constructing open AD-BEM simulation
step=100 time=0.125s CFL=0.2619
step=200 time=0.25s CFL=0.2502
step=300 time=0.375s CFL=0.2409
step=400 time=0.5s CFL=0.2343
step=500 time=0.625s CFL=0.2345
step=600 time=0.75s CFL=0.2514
step=700 time=0.875s CFL=0.2529
step=720 time=0.9s CFL=0.2501
step=820 time=1.025s CFL=0.247
step=920 time=1.15s CFL=0.2454
step=1020 time=1.275s CFL=0.2439
step=1120 time=1.4s CFL=0.2435
step=1220 time=1.525s CFL=0.2451
step=1320 time=1.65s CFL=0.2359
step=1420 time=1.775s CFL=0.2556
step=1440 time=1.8s CFL=0.2537
step=1540 time=1.925s CFL=0.2552
step=1640 time=2.05s CFL=0.2498
step=1740 time=2.175s CFL=0.2514
step=1840 time=2.3s CFL=0.2473
step=1940 time=2.425s CFL=0.2549
step=2000 time=2.5s CFL=0.2595
step=2100 time=2.625s CFL=0.261
step=2160 time=2.7s CFL=0.2616
step=2260 time=2.825s CFL=0.283
step=2360 time=2.95s CFL=0.2971
step=2460 time=3.075s CFL=0.3025
step=2560 time=3.2s CFL=0.3071
step=2660 time=3.325s CFL=0.2989
step=2760 time=3.45s CFL=0.2945
step=2860 time=3.575s CFL=0.2812
step=2880 time=3.6s CFL=0.2791
step=2980 time=3.725s CFL=0.2878
step=3080 time=3.85s CFL=0.2763
step=3180 time=3.975s CFL=0.2856
step=3280 time=4.1s CFL=0.2897
step=3380 time=4.225s CFL=0.2921
step=3480 time=4.35s CFL=0.2918
step=3580 time=4.475s CFL=0.2925
step=3600 time=4.5s CFL=0.296
step=3700 time=4.625s CFL=0.2961
step=3800 time=4.75s CFL=0.2951
step=3900 time=4.875s CFL=0.2916
step=4000 time=5s CFL=0.2989
step=4100 time=5.125s CFL=0.3184
step=4200 time=5.25s CFL=0.3501
step=4300 time=5.375s CFL=0.3371
step=4320 time=5.4s CFL=0.334
step=4420 time=5.525s CFL=0.3148
step=4520 time=5.65s CFL=0.3136
step=4620 time=5.775s CFL=0.3379
step=4720 time=5.9s CFL=0.3398
step=4820 time=6.025s CFL=0.3239
step=4920 time=6.15s CFL=0.3195
step=5020 time=6.275s CFL=0.3418
step=5040 time=6.3s CFL=0.3358
step=5140 time=6.425s CFL=0.3244
step=5240 time=6.55s CFL=0.3435
step=5340 time=6.675s CFL=0.3616
step=5440 time=6.8s CFL=0.3583
step=5540 time=6.925s CFL=0.3513
step=5640 time=7.05s CFL=0.3429
step=5740 time=7.175s CFL=0.3464
step=5760 time=7.2s CFL=0.3402
step=5860 time=7.325s CFL=0.3427
step=5960 time=7.45s CFL=0.3497
step=6000 time=7.5s CFL=0.3568
step=6100 time=7.625s CFL=0.3578
step=6200 time=7.75s CFL=0.3761
step=6300 time=7.875s CFL=0.3781
step=6400 time=8s CFL=0.371
step=6480 time=8.1s CFL=0.3481
step=6580 time=8.225s CFL=0.3498
step=6680 time=8.35s CFL=0.3456
step=6780 time=8.475s CFL=0.3331
step=6880 time=8.6s CFL=0.3313
step=6980 time=8.725s CFL=0.3298
step=7080 time=8.85s CFL=0.3256
step=7180 time=8.975s CFL=0.328
step=7200 time=9s CFL=0.3291
step=7300 time=9.125s CFL=0.3446
step=7400 time=9.25s CFL=0.3372
step=7500 time=9.375s CFL=0.3505
step=7600 time=9.5s CFL=0.3591
step=7700 time=9.625s CFL=0.3521
step=7800 time=9.75s CFL=0.3283
step=7900 time=9.875s CFL=0.3277
step=7920 time=9.9s CFL=0.3286
step=8000 time=10s CFL=0.343
step=8100 time=10.125s CFL=0.3315
step=8200 time=10.25s CFL=0.3271
step=8300 time=10.375s CFL=0.3256
step=8400 time=10.5s CFL=0.3187
step=8500 time=10.625s CFL=0.3146
step=8600 time=10.75s CFL=0.2993
step=8640 time=10.8s CFL=0.313
step=8740 time=10.925s CFL=0.3173
step=8840 time=11.05s CFL=0.3361
step=8940 time=11.175s CFL=0.3291
step=9040 time=11.3s CFL=0.3263
step=9140 time=11.425s CFL=0.3415
step=9240 time=11.55s CFL=0.3234
step=9340 time=11.675s CFL=0.3227
step=9360 time=11.7s CFL=0.3173
step=9460 time=11.825s CFL=0.3421
step=9560 time=11.95s CFL=0.3439
step=9660 time=12.075s CFL=0.3281
step=9760 time=12.2s CFL=0.3425
step=9860 time=12.325s CFL=0.326
step=9960 time=12.45s CFL=0.323
step=10000 time=12.5s CFL=0.3339
step=10080 time=12.6s CFL=0.3367
step=10180 time=12.725s CFL=0.3349
step=10280 time=12.85s CFL=0.3279
step=10380 time=12.975s CFL=0.3205
step=10480 time=13.1s CFL=0.3153
step=10580 time=13.225s CFL=0.3218
step=10680 time=13.35s CFL=0.3223
step=10780 time=13.475s CFL=0.3302
step=10800 time=13.5s CFL=0.3248
step=10900 time=13.625s CFL=0.3147
step=11000 time=13.75s CFL=0.3282
step=11100 time=13.875s CFL=0.3512
step=11200 time=14s CFL=0.3319
step=11300 time=14.125s CFL=0.371
step=11400 time=14.25s CFL=0.3565
step=11500 time=14.375s CFL=0.3479
step=11520 time=14.4s CFL=0.3467
step=11620 time=14.525s CFL=0.3779
step=11720 time=14.65s CFL=0.3444
step=11820 time=14.775s CFL=0.3324
step=11920 time=14.9s CFL=0.3505
step=12000 time=15s CFL=0.3661
step=12100 time=15.125s CFL=0.3501
step=12200 time=15.25s CFL=0.3496
step=12240 time=15.3s CFL=0.3658
step=12340 time=15.425s CFL=0.3676
step=12440 time=15.55s CFL=0.3726
step=12540 time=15.675s CFL=0.335
step=12640 time=15.8s CFL=0.3663
step=12740 time=15.925s CFL=0.3612
step=12840 time=16.05s CFL=0.3539
step=12940 time=16.175s CFL=0.3654
step=12960 time=16.2s CFL=0.3638
step=13060 time=16.325s CFL=0.3401
step=13160 time=16.45s CFL=0.3216
step=13260 time=16.575s CFL=0.3311
step=13360 time=16.7s CFL=0.3291
step=13460 time=16.825s CFL=0.327
step=13560 time=16.95s CFL=0.3287
step=13660 time=17.075s CFL=0.3489
step=13680 time=17.1s CFL=0.3623
step=13780 time=17.225s CFL=0.3626
step=13880 time=17.35s CFL=0.3415
step=13980 time=17.475s CFL=0.3646
step=14000 time=17.5s CFL=0.3707
step=14100 time=17.625s CFL=0.3489
step=14200 time=17.75s CFL=0.351
step=14300 time=17.875s CFL=0.3577
step=14400 time=18s CFL=0.3598
step=14500 time=18.125s CFL=0.3695
step=14600 time=18.25s CFL=0.3712
step=14700 time=18.375s CFL=0.384
step=14800 time=18.5s CFL=0.3844
step=14900 time=18.625s CFL=0.3663
step=15000 time=18.75s CFL=0.375
step=15100 time=18.875s CFL=0.3911
step=15120 time=18.9s CFL=0.3872
step=15220 time=19.025s CFL=0.3942
step=15320 time=19.15s CFL=0.3729
step=15420 time=19.275s CFL=0.3559
step=15520 time=19.4s CFL=0.3616
step=15620 time=19.525s CFL=0.3579
step=15720 time=19.65s CFL=0.3828
step=15820 time=19.775s CFL=0.3778
step=15840 time=19.8s CFL=0.3686
step=15940 time=19.925s CFL=0.3367
step=16000 time=20s CFL=0.35
step=16100 time=20.125s CFL=0.3336
step=16200 time=20.25s CFL=0.3291
step=16300 time=20.375s CFL=0.3338
step=16400 time=20.5s CFL=0.3197
step=16500 time=20.625s CFL=0.3151
step=16560 time=20.7s CFL=0.309
step=16660 time=20.825s CFL=0.3241
step=16760 time=20.95s CFL=0.3363
step=16860 time=21.075s CFL=0.3329
step=16960 time=21.2s CFL=0.3317
step=17060 time=21.325s CFL=0.3425
step=17160 time=21.45s CFL=0.3487
step=17260 time=21.575s CFL=0.3194
step=17280 time=21.6s CFL=0.3303
step=17380 time=21.725s CFL=0.3249
step=17480 time=21.85s CFL=0.3621
step=17580 time=21.975s CFL=0.3437
step=17680 time=22.1s CFL=0.3424
step=17780 time=22.225s CFL=0.3331
step=17880 time=22.35s CFL=0.349
step=17980 time=22.475s CFL=0.3432
step=18000 time=22.5s CFL=0.3423
step=18100 time=22.625s CFL=0.3385
step=18200 time=22.75s CFL=0.3738
step=18300 time=22.875s CFL=0.3589
step=18400 time=23s CFL=0.3466
step=18500 time=23.125s CFL=0.3523
step=18600 time=23.25s CFL=0.3329
step=18700 time=23.375s CFL=0.3484
step=18720 time=23.4s CFL=0.3468
step=18820 time=23.525s CFL=0.3716
step=18920 time=23.65s CFL=0.3499
step=19020 time=23.775s CFL=0.3451
step=19120 time=23.9s CFL=0.3253
step=19220 time=24.025s CFL=0.3373
step=19320 time=24.15s CFL=0.3193
step=19420 time=24.275s CFL=0.3304
step=19440 time=24.3s CFL=0.3354
step=19540 time=24.425s CFL=0.3385
step=19640 time=24.55s CFL=0.3338
step=19740 time=24.675s CFL=0.3168
step=19840 time=24.8s CFL=0.3382
step=19940 time=24.925s CFL=0.3136
step=20000 time=25s CFL=0.3211
step=20100 time=25.125s CFL=0.3123
step=20160 time=25.2s CFL=0.3306
step=20260 time=25.325s CFL=0.3366
step=20360 time=25.45s CFL=0.3244
step=20460 time=25.575s CFL=0.3499
step=20560 time=25.7s CFL=0.3498
step=20660 time=25.825s CFL=0.3439
step=20760 time=25.95s CFL=0.3534
step=20860 time=26.075s CFL=0.3443
step=20880 time=26.1s CFL=0.334
step=20980 time=26.225s CFL=0.3353
step=21080 time=26.35s CFL=0.3293
step=21180 time=26.475s CFL=0.3563
step=21280 time=26.6s CFL=0.3533
step=21380 time=26.725s CFL=0.3587
step=21480 time=26.85s CFL=0.3398
step=21580 time=26.975s CFL=0.3317
step=21600 time=27s CFL=0.3359
step=21700 time=27.125s CFL=0.3358
step=21800 time=27.25s CFL=0.3387
step=21900 time=27.375s CFL=0.3403
step=22000 time=27.5s CFL=0.3291
step=22100 time=27.625s CFL=0.3328
step=22200 time=27.75s CFL=0.3385
step=22300 time=27.875s CFL=0.3216
step=22320 time=27.9s CFL=0.3144
step=22420 time=28.025s CFL=0.3261
step=22520 time=28.15s CFL=0.3276
step=22620 time=28.275s CFL=0.3239
step=22720 time=28.4s CFL=0.3292
step=22820 time=28.525s CFL=0.3213
step=22920 time=28.65s CFL=0.3561
step=23020 time=28.775s CFL=0.3478
step=23040 time=28.8s CFL=0.3479
step=23140 time=28.925s CFL=0.3386
step=23240 time=29.05s CFL=0.3367
step=23340 time=29.175s CFL=0.3288
step=23440 time=29.3s CFL=0.3505
step=23540 time=29.425s CFL=0.3475
step=23640 time=29.55s CFL=0.3413
step=23740 time=29.675s CFL=0.3488
step=23760 time=29.7s CFL=0.3477
step=23860 time=29.825s CFL=0.3482
step=23960 time=29.95s CFL=0.3726
step=24000 time=30s CFL=0.3462
step=24100 time=30.125s CFL=0.3184
step=24200 time=30.25s CFL=0.3261
step=24300 time=30.375s CFL=0.3335
step=24400 time=30.5s CFL=0.3189
step=24480 time=30.6s CFL=0.3212
step=24580 time=30.725s CFL=0.3062
step=24680 time=30.85s CFL=0.3118
step=24780 time=30.975s CFL=0.3047
step=24880 time=31.1s CFL=0.3007
step=24980 time=31.225s CFL=0.2948
step=25080 time=31.35s CFL=0.325
step=25180 time=31.475s CFL=0.3175
step=25200 time=31.5s CFL=0.3217
step=25300 time=31.625s CFL=0.3272
step=25400 time=31.75s CFL=0.3326
step=25500 time=31.875s CFL=0.3287
step=25600 time=32s CFL=0.33
step=25700 time=32.125s CFL=0.3146
step=25800 time=32.25s CFL=0.3263
step=25900 time=32.375s CFL=0.3203
step=25920 time=32.4s CFL=0.3328
step=26000 time=32.5s CFL=0.3234
step=26100 time=32.625s CFL=0.3197
step=26200 time=32.75s CFL=0.3077
step=26300 time=32.875s CFL=0.2985
step=26400 time=33s CFL=0.3051
step=26500 time=33.125s CFL=0.3162
step=26600 time=33.25s CFL=0.3101
step=26640 time=33.3s CFL=0.3086
step=26740 time=33.425s CFL=0.3043
step=26840 time=33.55s CFL=0.3058
step=26940 time=33.675s CFL=0.2963
step=27040 time=33.8s CFL=0.2995
step=27140 time=33.925s CFL=0.3222
step=27240 time=34.05s CFL=0.3339
step=27340 time=34.175s CFL=0.3302
step=27360 time=34.2s CFL=0.3242
step=27460 time=34.325s CFL=0.3287
step=27560 time=34.45s CFL=0.3455
step=27660 time=34.575s CFL=0.3375
step=27760 time=34.7s CFL=0.3371
step=27860 time=34.825s CFL=0.3376
step=27960 time=34.95s CFL=0.3289
step=28000 time=35s CFL=0.328
step=28080 time=35.1s CFL=0.3256
step=28180 time=35.225s CFL=0.333
step=28280 time=35.35s CFL=0.34
step=28380 time=35.475s CFL=0.3413
step=28480 time=35.6s CFL=0.3184
step=28580 time=35.725s CFL=0.3318
step=28680 time=35.85s CFL=0.3216
step=28780 time=35.975s CFL=0.3341
step=28800 time=36s CFL=0.3333
step=28900 time=36.125s CFL=0.3212
step=29000 time=36.25s CFL=0.3319
step=29100 time=36.375s CFL=0.3275
step=29200 time=36.5s CFL=0.3413
step=29300 time=36.625s CFL=0.3311
step=29400 time=36.75s CFL=0.322
step=29500 time=36.875s CFL=0.3122
step=29520 time=36.9s CFL=0.3165
step=29620 time=37.025s CFL=0.3387
step=29720 time=37.15s CFL=0.3316
step=29820 time=37.275s CFL=0.3275
step=29920 time=37.4s CFL=0.3259
step=30000 time=37.5s CFL=0.3436
step=30100 time=37.625s CFL=0.3446
step=30200 time=37.75s CFL=0.3515
step=30240 time=37.8s CFL=0.3622
step=30340 time=37.925s CFL=0.3793
step=30440 time=38.05s CFL=0.3817
step=30540 time=38.175s CFL=0.3771
step=30640 time=38.3s CFL=0.3818
step=30740 time=38.425s CFL=0.4203
step=30840 time=38.55s CFL=0.4159
step=30940 time=38.675s CFL=0.3903
step=30960 time=38.7s CFL=0.3973
step=31060 time=38.825s CFL=0.3815
step=31160 time=38.95s CFL=0.3712
step=31260 time=39.075s CFL=0.3477
step=31360 time=39.2s CFL=0.3552
step=31460 time=39.325s CFL=0.3393
step=31560 time=39.45s CFL=0.3583
step=31660 time=39.575s CFL=0.3689
step=31680 time=39.6s CFL=0.3614
step=31780 time=39.725s CFL=0.3656
step=31880 time=39.85s CFL=0.3451
step=31980 time=39.975s CFL=0.3277
step=32000 time=40s CFL=0.3237
step=32100 time=40.125s CFL=0.3154
step=32200 time=40.25s CFL=0.3231
step=32300 time=40.375s CFL=0.3322
step=32400 time=40.5s CFL=0.313
step=32500 time=40.625s CFL=0.3107
step=32600 time=40.75s CFL=0.3042
step=32700 time=40.875s CFL=0.3208
step=32800 time=41s CFL=0.3012
step=32900 time=41.125s CFL=0.3109
step=33000 time=41.25s CFL=0.328
step=33100 time=41.375s CFL=0.3109
step=33120 time=41.4s CFL=0.3082
step=33220 time=41.525s CFL=0.315
step=33320 time=41.65s CFL=0.3181
step=33420 time=41.775s CFL=0.3121
step=33520 time=41.9s CFL=0.3208
step=33620 time=42.025s CFL=0.3148
step=33720 time=42.15s CFL=0.3054
step=33820 time=42.275s CFL=0.3192
step=33840 time=42.3s CFL=0.3157
step=33940 time=42.425s CFL=0.3066
step=34000 time=42.5s CFL=0.3217
step=34100 time=42.625s CFL=0.3305
step=34200 time=42.75s CFL=0.3385
step=34300 time=42.875s CFL=0.3413
step=34400 time=43s CFL=0.3505
step=34500 time=43.125s CFL=0.3457
step=34560 time=43.2s CFL=0.3452
step=34660 time=43.325s CFL=0.3267
step=34760 time=43.45s CFL=0.3652
step=34860 time=43.575s CFL=0.4012
step=34960 time=43.7s CFL=0.4034
step=35060 time=43.825s CFL=0.3785
step=35160 time=43.95s CFL=0.378
step=35260 time=44.075s CFL=0.3799
step=35280 time=44.1s CFL=0.3783
step=35380 time=44.225s CFL=0.373
step=35480 time=44.35s CFL=0.3795
step=35580 time=44.475s CFL=0.3681
step=35680 time=44.6s CFL=0.3577
step=35780 time=44.725s CFL=0.3806
step=35880 time=44.85s CFL=0.4006
step=35980 time=44.975s CFL=0.3907
step=36000 time=45s CFL=0.3924
step=36100 time=45.125s CFL=0.3836
step=36200 time=45.25s CFL=0.3838
step=36300 time=45.375s CFL=0.3821
step=36400 time=45.5s CFL=0.3622
step=36500 time=45.625s CFL=0.3592
step=36600 time=45.75s CFL=0.343
step=36700 time=45.875s CFL=0.3498
step=36720 time=45.9s CFL=0.3586
step=36820 time=46.025s CFL=0.3643
step=36920 time=46.15s CFL=0.3499
step=37020 time=46.275s CFL=0.3408
step=37120 time=46.4s CFL=0.3426
step=37220 time=46.525s CFL=0.353
step=37320 time=46.65s CFL=0.3515
step=37420 time=46.775s CFL=0.3444
step=37440 time=46.8s CFL=0.3449
step=37540 time=46.925s CFL=0.3461
step=37640 time=47.05s CFL=0.3422
step=37740 time=47.175s CFL=0.3375
step=37840 time=47.3s CFL=0.3392
step=37940 time=47.425s CFL=0.3547
step=38000 time=47.5s CFL=0.3507
step=38100 time=47.625s CFL=0.3345
step=38160 time=47.7s CFL=0.3353
step=38260 time=47.825s CFL=0.3215
step=38360 time=47.95s CFL=0.3224
step=38460 time=48.075s CFL=0.3163
step=38560 time=48.2s CFL=0.3162
step=38660 time=48.325s CFL=0.3084
step=38760 time=48.45s CFL=0.3085
step=38860 time=48.575s CFL=0.3174
step=38880 time=48.6s CFL=0.3178
step=38980 time=48.725s CFL=0.3197
step=39080 time=48.85s CFL=0.3319
step=39180 time=48.975s CFL=0.3175
step=39280 time=49.1s CFL=0.3038
step=39380 time=49.225s CFL=0.324
step=39480 time=49.35s CFL=0.3278
step=39580 time=49.475s CFL=0.3474
step=39600 time=49.5s CFL=0.3461
step=39700 time=49.625s CFL=0.3411
step=39800 time=49.75s CFL=0.3478
step=39900 time=49.875s CFL=0.3413
step=40000 time=50s CFL=0.3237
step=40100 time=50.125s CFL=0.3323
step=40200 time=50.25s CFL=0.3325
step=40300 time=50.375s CFL=0.3488
step=40320 time=50.4s CFL=0.3457
step=40420 time=50.525s CFL=0.3707
step=40520 time=50.65s CFL=0.3634
step=40620 time=50.775s CFL=0.3785
step=40720 time=50.9s CFL=0.3786
step=40820 time=51.025s CFL=0.3644
step=40920 time=51.15s CFL=0.3527
step=41020 time=51.275s CFL=0.3431
step=41040 time=51.3s CFL=0.3488
step=41140 time=51.425s CFL=0.3537
step=41240 time=51.55s CFL=0.3462
step=41340 time=51.675s CFL=0.351
step=41440 time=51.8s CFL=0.3516
step=41540 time=51.925s CFL=0.349
step=41640 time=52.05s CFL=0.3454
step=41740 time=52.175s CFL=0.3326
step=41760 time=52.2s CFL=0.33
step=41860 time=52.325s CFL=0.345
step=41960 time=52.45s CFL=0.3413
step=42000 time=52.5s CFL=0.3304
step=42100 time=52.625s CFL=0.3455
step=42200 time=52.75s CFL=0.3235
step=42300 time=52.875s CFL=0.3335
step=42400 time=53s CFL=0.3432
step=42480 time=53.1s CFL=0.3398
step=42580 time=53.225s CFL=0.3425
step=42680 time=53.35s CFL=0.3361
step=42780 time=53.475s CFL=0.3561
step=42880 time=53.6s CFL=0.3598
step=42980 time=53.725s CFL=0.3629
step=43080 time=53.85s CFL=0.3506
step=43180 time=53.975s CFL=0.3444
step=43200 time=54s CFL=0.3432
step=43300 time=54.125s CFL=0.3494
step=43400 time=54.25s CFL=0.3491
step=43500 time=54.375s CFL=0.3621
step=43600 time=54.5s CFL=0.3595
step=43700 time=54.625s CFL=0.364
step=43800 time=54.75s CFL=0.3685
step=43900 time=54.875s CFL=0.3641
step=43920 time=54.9s CFL=0.3663
step=44000 time=55s CFL=0.358
step=44100 time=55.125s CFL=0.3666
step=44200 time=55.25s CFL=0.3702
step=44300 time=55.375s CFL=0.3566
step=44400 time=55.5s CFL=0.3516
step=44500 time=55.625s CFL=0.3609
step=44600 time=55.75s CFL=0.357
step=44640 time=55.8s CFL=0.3559
step=44740 time=55.925s CFL=0.3599
step=44840 time=56.05s CFL=0.3922
step=44940 time=56.175s CFL=0.4034
step=45040 time=56.3s CFL=0.3818
step=45140 time=56.425s CFL=0.3671
step=45240 time=56.55s CFL=0.3799
step=45340 time=56.675s CFL=0.3614
step=45360 time=56.7s CFL=0.3626
step=45460 time=56.825s CFL=0.3608
step=45560 time=56.95s CFL=0.3768
step=45660 time=57.075s CFL=0.3558
step=45760 time=57.2s CFL=0.3628
step=45860 time=57.325s CFL=0.3745
step=45960 time=57.45s CFL=0.3457
step=46000 time=57.5s CFL=0.3551
step=46080 time=57.6s CFL=0.3528
step=46180 time=57.725s CFL=0.347
step=46280 time=57.85s CFL=0.3389
step=46380 time=57.975s CFL=0.3553
step=46480 time=58.1s CFL=0.3632
step=46580 time=58.225s CFL=0.3887
step=46680 time=58.35s CFL=0.3285
step=46780 time=58.475s CFL=0.3235
step=46800 time=58.5s CFL=0.3226
step=46900 time=58.625s CFL=0.329
step=47000 time=58.75s CFL=0.3435
step=47100 time=58.875s CFL=0.3567
step=47200 time=59s CFL=0.3609
step=47300 time=59.125s CFL=0.3458
step=47400 time=59.25s CFL=0.3436
step=47500 time=59.375s CFL=0.3451
step=47520 time=59.4s CFL=0.3536
step=47620 time=59.525s CFL=0.3724
step=47720 time=59.65s CFL=0.3694
step=47820 time=59.775s CFL=0.3476
step=47920 time=59.9s CFL=0.3431
step=48000 time=60s CFL=0.3389
step=48100 time=60.125s CFL=0.339
step=48200 time=60.25s CFL=0.3542
step=48240 time=60.3s CFL=0.3821
step=48340 time=60.425s CFL=0.3641
step=48440 time=60.55s CFL=0.3671
step=48540 time=60.675s CFL=0.3653
step=48640 time=60.8s CFL=0.3466
step=48740 time=60.925s CFL=0.3655
step=48840 time=61.05s CFL=0.3551
step=48940 time=61.175s CFL=0.3528
step=48960 time=61.2s CFL=0.3488
step=49060 time=61.325s CFL=0.35
step=49160 time=61.45s CFL=0.3641
step=49260 time=61.575s CFL=0.3798
step=49360 time=61.7s CFL=0.357
step=49460 time=61.825s CFL=0.3522
step=49560 time=61.95s CFL=0.3547
step=49660 time=62.075s CFL=0.3523
step=49680 time=62.1s CFL=0.3463
step=49780 time=62.225s CFL=0.3556
step=49880 time=62.35s CFL=0.3433
step=49980 time=62.475s CFL=0.3301
step=50000 time=62.5s CFL=0.3341
step=50100 time=62.625s CFL=0.3353
step=50200 time=62.75s CFL=0.3316
step=50300 time=62.875s CFL=0.3192
step=50400 time=63s CFL=0.3189
step=50500 time=63.125s CFL=0.3081
step=50600 time=63.25s CFL=0.3098
step=50700 time=63.375s CFL=0.3135
step=50800 time=63.5s CFL=0.3091
step=50900 time=63.625s CFL=0.3007
step=51000 time=63.75s CFL=0.3095
step=51100 time=63.875s CFL=0.3142
step=51120 time=63.9s CFL=0.3151
step=51220 time=64.025s CFL=0.3211
step=51320 time=64.15s CFL=0.3103
step=51420 time=64.275s CFL=0.3352
step=51520 time=64.4s CFL=0.3132
step=51620 time=64.525s CFL=0.3196
step=51720 time=64.65s CFL=0.3294
step=51820 time=64.775s CFL=0.3198
step=51840 time=64.8s CFL=0.3191
step=51940 time=64.925s CFL=0.3334
step=52000 time=65s CFL=0.3267
step=52100 time=65.125s CFL=0.3188
step=52200 time=65.25s CFL=0.336
step=52300 time=65.375s CFL=0.3137
step=52400 time=65.5s CFL=0.3156
step=52500 time=65.625s CFL=0.3281
step=52560 time=65.7s CFL=0.3347
step=52660 time=65.825s CFL=0.3358
step=52760 time=65.95s CFL=0.3431
step=52860 time=66.075s CFL=0.34
step=52960 time=66.2s CFL=0.3529
step=53060 time=66.325s CFL=0.3417
step=53160 time=66.45s CFL=0.3513
step=53260 time=66.575s CFL=0.321
step=53280 time=66.6s CFL=0.3204
step=53380 time=66.725s CFL=0.3379
step=53480 time=66.85s CFL=0.365
step=53580 time=66.975s CFL=0.3408
step=53680 time=67.1s CFL=0.3631
step=53780 time=67.225s CFL=0.3576
step=53880 time=67.35s CFL=0.368
step=53980 time=67.475s CFL=0.3883
step=54000 time=67.5s CFL=0.3776
step=54100 time=67.625s CFL=0.3438
step=54200 time=67.75s CFL=0.3698
step=54300 time=67.875s CFL=0.3488
step=54400 time=68s CFL=0.3451
step=54500 time=68.125s CFL=0.3473
step=54600 time=68.25s CFL=0.3509
step=54700 time=68.375s CFL=0.3377
step=54720 time=68.4s CFL=0.3406
step=54820 time=68.525s CFL=0.3651
step=54920 time=68.65s CFL=0.3619
step=55020 time=68.775s CFL=0.3415
step=55120 time=68.9s CFL=0.3274
step=55220 time=69.025s CFL=0.362
step=55320 time=69.15s CFL=0.3741
step=55420 time=69.275s CFL=0.3695
step=55440 time=69.3s CFL=0.3639
step=55540 time=69.425s CFL=0.3701
step=55640 time=69.55s CFL=0.3466
step=55740 time=69.675s CFL=0.3446
step=55840 time=69.8s CFL=0.3396
step=55940 time=69.925s CFL=0.3391
step=56000 time=70s CFL=0.3459
step=56100 time=70.125s CFL=0.3555
step=56160 time=70.2s CFL=0.359
step=56260 time=70.325s CFL=0.3438
step=56360 time=70.45s CFL=0.3407
step=56460 time=70.575s CFL=0.3512
step=56560 time=70.7s CFL=0.3306
step=56660 time=70.825s CFL=0.3263
step=56760 time=70.95s CFL=0.3351
step=56860 time=71.075s CFL=0.3214
step=56880 time=71.1s CFL=0.3171
step=56980 time=71.225s CFL=0.3261
step=57080 time=71.35s CFL=0.3443
step=57180 time=71.475s CFL=0.3399
step=57280 time=71.6s CFL=0.3535
step=57380 time=71.725s CFL=0.3612
step=57480 time=71.85s CFL=0.3281
step=57580 time=71.975s CFL=0.36
step=57600 time=72s CFL=0.3578
step=57700 time=72.125s CFL=0.3585
step=57800 time=72.25s CFL=0.3727
step=57900 time=72.375s CFL=0.3527
step=58000 time=72.5s CFL=0.3395
step=58100 time=72.625s CFL=0.3519
step=58200 time=72.75s CFL=0.3475
step=58300 time=72.875s CFL=0.3366
step=58320 time=72.9s CFL=0.3414
step=58420 time=73.025s CFL=0.3438
step=58520 time=73.15s CFL=0.3459
step=58620 time=73.275s CFL=0.3448
step=58720 time=73.4s CFL=0.3516
step=58820 time=73.525s CFL=0.3311
step=58920 time=73.65s CFL=0.3461
step=59020 time=73.775s CFL=0.3427
step=59040 time=73.8s CFL=0.3374
step=59140 time=73.925s CFL=0.3268
step=59240 time=74.05s CFL=0.322
step=59340 time=74.175s CFL=0.3247
step=59440 time=74.3s CFL=0.3227
step=59540 time=74.425s CFL=0.3162
step=59640 time=74.55s CFL=0.3373
step=59740 time=74.675s CFL=0.3082
step=59760 time=74.7s CFL=0.3165
step=59860 time=74.825s CFL=0.3162
step=59960 time=74.95s CFL=0.3094
step=60000 time=75s CFL=0.3105
step=60100 time=75.125s CFL=0.3058
step=60200 time=75.25s CFL=0.3092
step=60300 time=75.375s CFL=0.3057
step=60400 time=75.5s CFL=0.3084
step=60480 time=75.6s CFL=0.334
step=60580 time=75.725s CFL=0.3241
step=60680 time=75.85s CFL=0.3046
step=60780 time=75.975s CFL=0.3022
step=60880 time=76.1s CFL=0.3075
step=60980 time=76.225s CFL=0.3055
step=61080 time=76.35s CFL=0.3226
step=61180 time=76.475s CFL=0.3282
step=61200 time=76.5s CFL=0.3239
step=61300 time=76.625s CFL=0.3068
step=61400 time=76.75s CFL=0.3226
step=61500 time=76.875s CFL=0.3191
step=61600 time=77s CFL=0.3151
step=61700 time=77.125s CFL=0.3076
step=61800 time=77.25s CFL=0.3013
step=61900 time=77.375s CFL=0.3099
step=61920 time=77.4s CFL=0.3078
step=62000 time=77.5s CFL=0.312
step=62100 time=77.625s CFL=0.3229
step=62200 time=77.75s CFL=0.3223
step=62300 time=77.875s CFL=0.3242
step=62400 time=78s CFL=0.3081
step=62500 time=78.125s CFL=0.313
step=62600 time=78.25s CFL=0.3129
step=62640 time=78.3s CFL=0.3168
step=62740 time=78.425s CFL=0.3122
step=62840 time=78.55s CFL=0.3052
step=62940 time=78.675s CFL=0.3252
step=63040 time=78.8s CFL=0.3275
step=63140 time=78.925s CFL=0.3434
step=63240 time=79.05s CFL=0.3286
step=63340 time=79.175s CFL=0.3213
step=63360 time=79.2s CFL=0.3186
step=63460 time=79.325s CFL=0.314
step=63560 time=79.45s CFL=0.3243
step=63660 time=79.575s CFL=0.3262
step=63760 time=79.7s CFL=0.3422
step=63860 time=79.825s CFL=0.3623
step=63960 time=79.95s CFL=0.3271
step=64000 time=80s CFL=0.3248
step=64080 time=80.1s CFL=0.3334
step=64180 time=80.225s CFL=0.3404
step=64280 time=80.35s CFL=0.3588
step=64380 time=80.475s CFL=0.3585
step=64480 time=80.6s CFL=0.3317
step=64580 time=80.725s CFL=0.3171
step=64680 time=80.85s CFL=0.3254
step=64780 time=80.975s CFL=0.3334
step=64800 time=81s CFL=0.3371
step=64900 time=81.125s CFL=0.3372
step=65000 time=81.25s CFL=0.3277
step=65100 time=81.375s CFL=0.3214
step=65200 time=81.5s CFL=0.3375
step=65300 time=81.625s CFL=0.3477
step=65400 time=81.75s CFL=0.3389
step=65500 time=81.875s CFL=0.3548
step=65520 time=81.9s CFL=0.3534
step=65620 time=82.025s CFL=0.3383
step=65720 time=82.15s CFL=0.3349
step=65820 time=82.275s CFL=0.3244
step=65920 time=82.4s CFL=0.3254
step=66000 time=82.5s CFL=0.3354
step=66100 time=82.625s CFL=0.3475
step=66200 time=82.75s CFL=0.3471
step=66240 time=82.8s CFL=0.3466
step=66340 time=82.925s CFL=0.3222
step=66440 time=83.05s CFL=0.3326
step=66540 time=83.175s CFL=0.3327
step=66640 time=83.3s CFL=0.3412
step=66740 time=83.425s CFL=0.3269
step=66840 time=83.55s CFL=0.3181
step=66940 time=83.675s CFL=0.3228
step=66960 time=83.7s CFL=0.3313
step=67060 time=83.825s CFL=0.3312
step=67160 time=83.95s CFL=0.3337
step=67260 time=84.075s CFL=0.3426
step=67360 time=84.2s CFL=0.3241
step=67460 time=84.325s CFL=0.3253
step=67560 time=84.45s CFL=0.335
step=67660 time=84.575s CFL=0.3473
step=67680 time=84.6s CFL=0.3571
step=67780 time=84.725s CFL=0.338
step=67880 time=84.85s CFL=0.3481
step=67980 time=84.975s CFL=0.3435
step=68000 time=85s CFL=0.3317
step=68100 time=85.125s CFL=0.3558
step=68200 time=85.25s CFL=0.3281
step=68300 time=85.375s CFL=0.3376
step=68400 time=85.5s CFL=0.3505
step=68500 time=85.625s CFL=0.3369
step=68600 time=85.75s CFL=0.343
step=68700 time=85.875s CFL=0.325
step=68800 time=86s CFL=0.3103
step=68900 time=86.125s CFL=0.3306
step=69000 time=86.25s CFL=0.3411
step=69100 time=86.375s CFL=0.3387
step=69120 time=86.4s CFL=0.3349
step=69220 time=86.525s CFL=0.3132
step=69320 time=86.65s CFL=0.3377
step=69420 time=86.775s CFL=0.3326
step=69520 time=86.9s CFL=0.3332
step=69620 time=87.025s CFL=0.3351
step=69720 time=87.15s CFL=0.331
step=69820 time=87.275s CFL=0.3392
step=69840 time=87.3s CFL=0.3393
step=69940 time=87.425s CFL=0.3314
step=70000 time=87.5s CFL=0.3351
step=70100 time=87.625s CFL=0.3275
step=70200 time=87.75s CFL=0.3531
step=70300 time=87.875s CFL=0.3545
step=70400 time=88s CFL=0.3539
step=70500 time=88.125s CFL=0.3785
step=70560 time=88.2s CFL=0.3715
step=70660 time=88.325s CFL=0.3739
step=70760 time=88.45s CFL=0.3759
step=70860 time=88.575s CFL=0.3793
step=70960 time=88.7s CFL=0.3685
step=71060 time=88.825s CFL=0.3645
step=71160 time=88.95s CFL=0.3757
step=71260 time=89.075s CFL=0.3816
step=71280 time=89.1s CFL=0.3751
step=71380 time=89.225s CFL=0.3793
step=71480 time=89.35s CFL=0.3762
step=71580 time=89.475s CFL=0.3405
step=71680 time=89.6s CFL=0.341
step=71780 time=89.725s CFL=0.3778
step=71880 time=89.85s CFL=0.3436
step=71980 time=89.975s CFL=0.3488
step=72000 time=90s CFL=0.3552
{
  "schema": "jaxwind.run.v1",
  "status": "complete",
  "formulation": "boussinesq",
  "step": 72000,
  "time_seconds": 90.0,
  "target_step": 72000,
  "target_time_seconds": 90.0,
  "final_cfl": 0.3552483916282654,
  "elapsed_seconds": 5321.804854141432,
  "steady_steps_per_second": 13.924050573173535,
  "checkpoint": "/raven/u/limo/JAX-Wind/outputs/hitsz_mann/adbem_512x128x256_30109427/checkpoint.npz"
}
                                  
================================= 
Global information about the job: 
================================= 
  
Job owner: limo(1954)
Job name:  hitsz-mann-adbem
Node list: ravg1117
Job start: Wed Sep  9 23:04:12 CEST 2026
Job end:   Thu Sep 10 00:54:29 CEST 2026
Work dir:  /raven/u/limo/JAX-Wind
Command:   /raven/u/limo/JAX-Wind/tools/submit_hitsz_mann.sh
  
  
  
==========================================================================================
Information on jobsteps (Note: MaxRSS/AveRSS is the maximum/average over all 
tasks of the per-task memory high-water marks; cf. "man sacct"): 
==========================================================================================
  
JobID            JobName NNodes NTasks  NCPUS       MaxRSS       AveRSS    Elapsed ExitCode
------------- ---------- ------ ------ ------ ------------ ------------ ---------- --------
30109427      hitsz-mann      1            36                             01:50:17      0:0
30109427.0        python      1      1     36    16546.04M    16546.04M   01:50:16      0:0
  
Maximum memory per node: 17.349784 GB (defined as MaxRSS*Ntasks/NNodes)
CPU utilization: 5.6 %
  
