step=2 time=0.02s CFL=0.0003828
step=4 time=0.04s CFL=0.0003828
step=6 time=0.06s CFL=0.0003828
step=8 time=0.08s CFL=0.0003828
step=9 time=0.09s CFL=0.0003828
step=11 time=0.11s CFL=0.0003828
step=12 time=0.12s CFL=0.0003828
step=2 time=0.02s CFL=0.0003896
step=3 time=0.03s CFL=0.0003878
step=5 time=0.05s CFL=0.0003949
step=6 time=0.06s CFL=0.0003933
Traceback (most recent call last):
  File "/u/limo/JAX-Wind/tools/verification/scenario.py", line 241, in <module>
    main()
    ~~~~^^
  File "/u/limo/JAX-Wind/tools/verification/scenario.py", line 232, in main
    np.testing.assert_allclose(value, reference, rtol=2.e-5, atol=2.e-6, err_msg=name)
    ~~~~~~~~~~~~~~~~~~~~~~~~~~^^^^^^^^^^^^^^^^^^^^^^^^^^^^^^^^^^^^^^^^^^^^^^^^^^^^^^^^
  File "/u/limo/venvs/numba_cuda_waterboa/lib/python3.13/site-packages/numpy/testing/_private/utils.py", line 1768, in assert_allclose
    assert_array_compare(compare, actual, desired, err_msg=str(err_msg),
    ~~~~~~~~~~~~~~~~~~~~^^^^^^^^^^^^^^^^^^^^^^^^^^^^^^^^^^^^^^^^^^^^^^^^
                         verbose=verbose, header=header, equal_nan=equal_nan,
                         ^^^^^^^^^^^^^^^^^^^^^^^^^^^^^^^^^^^^^^^^^^^^^^^^^^^^
                         strict=strict)
                         ^^^^^^^^^^^^^^
  File "/u/limo/venvs/numba_cuda_waterboa/lib/python3.13/site-packages/numpy/testing/_private/utils.py", line 983, in assert_array_compare
    raise AssertionError(msg)
AssertionError: 
Not equal to tolerance rtol=2e-05, atol=2e-06
pressure
Mismatched elements: 434 / 512 (84.8%)
First 5 mismatches are at indices:
 [0, 0, 0]: 5.001284599304199 (ACTUAL), 5.0433783531188965 (DESIRED)
 [0, 0, 1]: 4.925663948059082 (ACTUAL), 4.934317588806152 (DESIRED)
 [0, 0, 2]: 9.083770751953125 (ACTUAL), 9.09121322631836 (DESIRED)
 [0, 0, 3]: 23.919639587402344 (ACTUAL), 23.927597045898438 (DESIRED)
 [0, 0, 4]: 67.5152359008789 (ACTUAL), 67.52197265625 (DESIRED)
Max absolute difference among violations: 0.11364746
Max relative difference among violations: 0.07319996
 ACTUAL: array([[[ 5.001285e+00,  4.925664e+00,  9.083771e+00,  2.391964e+01,
          6.751524e+01,  1.969223e+02,  6.500443e+02,  3.242001e+03],
        [ 5.164339e+00,  5.107046e+00,  9.190223e+00,  2.312070e+01,...
 DESIRED: array([[[ 5.043378e+00,  4.934318e+00,  9.091213e+00,  2.392760e+01,
          6.752197e+01,  1.969232e+02,  6.500505e+02,  3.242005e+03],
        [ 5.148261e+00,  5.113216e+00,  9.198797e+00,  2.313300e+01,...
